<html>
<body>
<pre>
<h1>礦ision Build Log</h1>
<h2>Tool Versions:</h2>
IDE-Version: μVision V5.24.2.0
Copyright (C) 2017 ARM Ltd and ARM Germany GmbH. All rights reserved.
License Information: a 摆军, HP Inc., LIC=47GU5-G89RM-ARZXW-QN3NS-65JIC-PDTJ1
 
Tool Versions:
Toolchain:       MDK-ARM Plus  Version: 5.24.1
Toolchain Path:  D:\keil 5\ARM\ARMCC\Bin
C Compiler:      Armcc.exe V5.06 update 5 (build 528)
Assembler:       Armasm.exe V5.06 update 5 (build 528)
Linker/Locator:  ArmLink.exe V5.06 update 5 (build 528)
Library Manager: ArmAr.exe V5.06 update 5 (build 528)
Hex Converter:   FromElf.exe V5.06 update 5 (build 528)
CPU DLL:         SARMCM3.DLL V5.24.1
Dialog DLL:      DCM.DLL V1.16.0.0
Target DLL:      STLink\ST-LINKIII-KEIL_SWO.dll V3.0.1.0
Dialog DLL:      TCM.DLL V1.32.0.0
 
<h2>Project:</h2>
C:\Users\摆军\Desktop\小车资料\AS608\USER\AS608.uvprojx
Project File Date:  05/11/2023

<h2>Output:</h2>
*** Using Compiler 'V5.06 update 5 (build 528)', folder: 'D:\keil 5\ARM\ARMCC\Bin'
Rebuild target 'AS608'
compiling stm32f10x_it.c...
compiling main.c...
SYS_INT.h(6): warning:  #1-D: last line of file ends without a newline
  #endif
main.c(67): warning:  #128-D: loop is not reachable
  	while(1)
main.c(274): warning:  #177-D: variable "str"  was declared but never referenced
  	char *str;
main.c: 3 warnings, 0 errors
compiling led.c...
compiling key.c...
..\HARDWARE\src\key.c(95): warning:  #550-D: variable "key_up"  was set but never used
  	static u8 key_up=1;//按键按松开标志
..\HARDWARE\src\key.c: 1 warning, 0 errors
compiling timer.c...
compiling infraRemote.c...
..\HARDWARE\src\infraRemote.c(209): warning:  #186-D: pointless comparison of unsigned integer with zero
  	else if(0<=temp&&temp<=9)
..\HARDWARE\src\infraRemote.c: 1 warning, 0 errors
compiling usart3.c...
compiling as608.c...
..\USER\SYS_INT.h(6): warning:  #1-D: last line of file ends without a newline
  #endif
..\HARDWARE\src\as608.c: 1 warning, 0 errors
compiling SYS_INT.C...
SYS_INT.h(6): warning:  #1-D: last line of file ends without a newline
  #endif
SYS_INT.C(38): warning:  #1-D: last line of file ends without a newline
  }
SYS_INT.C: 2 warnings, 0 errors
compiling system_stm32f10x.c...
compiling ds3231.c...
..\HARDWARE\src\ds3231.c(109): warning:  #177-D: variable "EXTI_InitStructure"  was declared but never referenced
  	EXTI_InitTypeDef EXTI_InitStructure;
..\HARDWARE\src\ds3231.c(110): warning:  #177-D: variable "NVIC_InitStructure"  was declared but never referenced
  	NVIC_InitTypeDef NVIC_InitStructure;
..\HARDWARE\src\ds3231.c: 2 warnings, 0 errors
compiling oled.c...
..\HARDWARE\src\oled.c(710): warning:  #174-D: expression has no effect
  	for (i = 0; str[i] != '\0'; i+2)
..\HARDWARE\src\oled.c: 1 warning, 0 errors
assembling startup_stm32f10x_md.s...
compiling core_cm3.c...
compiling delay.c...
compiling clock.c...
compiling usart.c...
compiling sys.c...
compiling misc.c...
compiling stm32f10x_fsmc.c...
compiling stm32f10x_gpio.c...
compiling stm32f10x_rcc.c...
compiling stm32f10x_spi.c...
compiling stm32f10x_exti.c...
compiling stm32f10x_usart.c...
compiling stm32f10x_tim.c...
linking...
Program Size: Code=23896 RO-data=6904 RW-data=960 ZI-data=2648  
FromELF: creating hex file...
"..\OBJ\NRF24L01.axf" - 0 Error(s), 11 Warning(s).

<h2>Software Packages used:</h2>

Package Vendor: Keil
                http://www.keil.com/pack/Keil.STM32F1xx_DFP.2.2.0.pack
                Keil.STM32F1xx_DFP.2.2.0
                STMicroelectronics STM32F1 Series Device Support, Drivers and Examples

<h2>Collection of Component include folders:</h2>
  .\RTE\_AS608
  D:\keil 5\ARM\PACK\Keil\STM32F1xx_DFP\2.2.0\Device\Include

<h2>Collection of Component Files used:</h2>
Build Time Elapsed:  00:00:02
</pre>
</body>
</html>
