Component: ARM Compiler 5.06 update 5 (build 528) Tool: armlink [4d35e2]

==============================================================================

Section Cross References

    main.o(.text) refers to oled.o(.text) for OLED_Show_Str
    main.o(.text) refers to delay.o(.text) for delay_ms
    main.o(.text) refers to as608.o(.text) for PS_DeletChar
    main.o(.text) refers to led.o(.text) for LED1_FLASH
    main.o(.text) refers to main.o(.data) for .data
    main.o(.text) refers to sys_int.o(.text) for SYS_INT
    main.o(.text) refers to stm32f10x_exti.o(.text) for EXTI_ClearITPendingBit
    main.o(.text) refers to stm32f10x_gpio.o(.text) for GPIO_ReadInputDataBit
    main.o(.text) refers to as608.o(.data) for AS608Addr
    system_stm32f10x.o(.text) refers to system_stm32f10x.o(.data) for .data
    sys_int.o(.text) refers to system_stm32f10x.o(.text) for SystemInit
    sys_int.o(.text) refers to misc.o(.text) for NVIC_PriorityGroupConfig
    sys_int.o(.text) refers to usart3.o(.text) for usart3_init
    sys_int.o(.text) refers to led.o(.text) for LED_Init
    sys_int.o(.text) refers to delay.o(.text) for delay_init
    sys_int.o(.text) refers to oled.o(.text) for OLED_Init
    sys_int.o(.text) refers to stm32f10x_rcc.o(.text) for RCC_APB2PeriphClockCmd
    sys_int.o(.text) refers to stm32f10x_gpio.o(.text) for GPIO_Init
    as608.o(.text) refers to _printf_percent.o(.ARM.Collect$$_printf_percent$$00000000) for _printf_percent
    as608.o(.text) refers to _printf_s.o(.ARM.Collect$$_printf_percent$$00000014) for _printf_s
    as608.o(.text) refers to _printf_str.o(.text) for _printf_str
    as608.o(.text) refers to _printf_d.o(.ARM.Collect$$_printf_percent$$00000009) for _printf_d
    as608.o(.text) refers to _printf_dec.o(.text) for _printf_int_dec
    as608.o(.text) refers to _printf_x.o(.ARM.Collect$$_printf_percent$$0000000C) for _printf_x
    as608.o(.text) refers to _printf_hex_int_ll_ptr.o(.text) for _printf_longlong_hex
    as608.o(.text) refers to stm32f10x_rcc.o(.text) for RCC_APB2PeriphClockCmd
    as608.o(.text) refers to stm32f10x_gpio.o(.text) for GPIO_Init
    as608.o(.text) refers to delay.o(.text) for delay_ms
    as608.o(.text) refers to strstr.o(.text) for strstr
    as608.o(.text) refers to __2printf.o(.text) for __2printf
    as608.o(.text) refers to as608.o(.data) for .data
    as608.o(.text) refers to usart3.o(.data) for USART3_RX_STA
    as608.o(.text) refers to usart3.o(.bss) for USART3_RX_BUF
    ds3231.o(.text) refers to delay.o(.text) for delay_us
    ds3231.o(.text) refers to stm32f10x_rcc.o(.text) for RCC_APB2PeriphClockCmd
    ds3231.o(.text) refers to stm32f10x_gpio.o(.text) for GPIO_Init
    ds3231.o(.text) refers to fflt_clz.o(x$fpl$ffltu) for __aeabi_ui2f
    ds3231.o(.text) refers to dflt_clz.o(x$fpl$dfltu) for __aeabi_ui2d
    ds3231.o(.text) refers to scalbn.o(x$fpl$scalbn) for __ARM_scalbn
    ds3231.o(.text) refers to f2d.o(x$fpl$f2d) for __aeabi_f2d
    ds3231.o(.text) refers to daddsub_clz.o(x$fpl$dadd) for __aeabi_dadd
    ds3231.o(.text) refers to d2f.o(x$fpl$d2f) for __aeabi_d2f
    ds3231.o(.text) refers to clock.o(.bss) for clock
    infraremote.o(.text) refers to stm32f10x_rcc.o(.text) for RCC_APB2PeriphClockCmd
    infraremote.o(.text) refers to stm32f10x_gpio.o(.text) for GPIO_Init
    infraremote.o(.text) refers to stm32f10x_tim.o(.text) for TIM_TimeBaseInit
    infraremote.o(.text) refers to misc.o(.text) for NVIC_Init
    infraremote.o(.text) refers to infraremote.o(.bss) for .bss
    key.o(.text) refers to stm32f10x_rcc.o(.text) for RCC_APB2PeriphClockCmd
    key.o(.text) refers to stm32f10x_gpio.o(.text) for GPIO_Init
    key.o(.text) refers to misc.o(.text) for NVIC_Init
    key.o(.text) refers to stm32f10x_exti.o(.text) for EXTI_Init
    key.o(.text) refers to delay.o(.text) for delay_ms
    key.o(.text) refers to key.o(.data) for .data
    led.o(.text) refers to stm32f10x_rcc.o(.text) for RCC_APB2PeriphClockCmd
    led.o(.text) refers to stm32f10x_gpio.o(.text) for GPIO_Init
    oled.o(.text) refers to stm32f10x_gpio.o(.text) for GPIO_Init
    oled.o(.text) refers to delay.o(.text) for delay_us
    oled.o(.text) refers to stm32f10x_rcc.o(.text) for RCC_APB2PeriphClockCmd
    oled.o(.text) refers to oled.o(.constdata) for .constdata
    oled.o(.text) refers to dfix.o(x$fpl$dfix) for __aeabi_d2iz
    oled.o(.text) refers to dflt_clz.o(x$fpl$dfltu) for __aeabi_ui2d
    oled.o(.text) refers to daddsub_clz.o(x$fpl$drsb) for __aeabi_drsub
    oled.o(.text) refers to ddiv.o(x$fpl$ddiv) for __aeabi_ddiv
    oled.o(.text) refers to drleqf.o(x$fpl$drleqf) for __aeabi_cdrcmple
    oled.o(.text) refers to dmul.o(x$fpl$dmul) for __aeabi_dmul
    oled.o(.text) refers to dleqf.o(x$fpl$dleqf) for __aeabi_cdcmple
    oled.o(.text) refers to oled.o(.data) for .data
    timer.o(.text) refers to stm32f10x_tim.o(.text) for TIM_GetITStatus
    timer.o(.text) refers to stm32f10x_rcc.o(.text) for RCC_APB1PeriphClockCmd
[...]
    .text                                    0x08004c34   Section      128  strcmpv7m.o(.text)
    CL$$btod_d2e                             0x08004cb4   Section       62  btod.o(CL$$btod_d2e)
    CL$$btod_d2e_denorm_low                  0x08004cf2   Section       70  btod.o(CL$$btod_d2e_denorm_low)
    CL$$btod_d2e_norm_op1                    0x08004d38   Section       96  btod.o(CL$$btod_d2e_norm_op1)
    CL$$btod_div_common                      0x08004d98   Section      824  btod.o(CL$$btod_div_common)
    CL$$btod_e2e                             0x080050d0   Section      220  btod.o(CL$$btod_e2e)
    CL$$btod_ediv                            0x080051ac   Section       42  btod.o(CL$$btod_ediv)
    CL$$btod_emul                            0x080051d6   Section       42  btod.o(CL$$btod_emul)
    CL$$btod_mult_common                     0x08005200   Section      580  btod.o(CL$$btod_mult_common)
    i.__ARM_fpclassify                       0x08005444   Section        0  fpclassify.o(i.__ARM_fpclassify)
    i._is_digit                              0x0800546c   Section        0  __printf_wp.o(i._is_digit)
    locale$$code                             0x0800547c   Section       44  lc_numeric_c.o(locale$$code)
    locale$$code                             0x080054a8   Section       44  lc_ctype_c.o(locale$$code)
    x$fpl$dadd                               0x080054d4   Section      336  daddsub_clz.o(x$fpl$dadd)
    _dadd1                                   0x080054e5   Thumb Code     0  daddsub_clz.o(x$fpl$dadd)
    x$fpl$dcmpinf                            0x08005624   Section       24  dcmpi.o(x$fpl$dcmpinf)
    x$fpl$ddiv                               0x0800563c   Section      688  ddiv.o(x$fpl$ddiv)
    ddiv_entry                               0x08005643   Thumb Code     0  ddiv.o(x$fpl$ddiv)
    x$fpl$dfix                               0x080058ec   Section       94  dfix.o(x$fpl$dfix)
    x$fpl$dfltu                              0x0800594a   Section       38  dflt_clz.o(x$fpl$dfltu)
    x$fpl$dleqf                              0x08005970   Section      120  dleqf.o(x$fpl$dleqf)
    x$fpl$dmul                               0x080059e8   Section      340  dmul.o(x$fpl$dmul)
    x$fpl$dnaninf                            0x08005b3c   Section      156  dnaninf.o(x$fpl$dnaninf)
    x$fpl$dretinf                            0x08005bd8   Section       12  dretinf.o(x$fpl$dretinf)
    x$fpl$drleqf                             0x08005be4   Section      108  drleqf.o(x$fpl$drleqf)
    x$fpl$drsb                               0x08005c50   Section       22  daddsub_clz.o(x$fpl$drsb)
    x$fpl$dsub                               0x08005c68   Section      468  daddsub_clz.o(x$fpl$dsub)
    _dsub1                                   0x08005c79   Thumb Code     0  daddsub_clz.o(x$fpl$dsub)
    x$fpl$printf1                            0x08005e3c   Section        4  printf1.o(x$fpl$printf1)
    x$fpl$printf2                            0x08005e40   Section        4  printf2.o(x$fpl$printf2)
    .constdata                               0x08005e44   Section     6080  oled.o(.constdata)
    x$fpl$usenofp                            0x08005e44   Section        0  usenofp.o(x$fpl$usenofp)
    .constdata                               0x08007604   Section       40  _printf_hex_int_ll_ptr.o(.constdata)
    uc_hextab                                0x08007604   Data          20  _printf_hex_int_ll_ptr.o(.constdata)
    lc_hextab                                0x08007618   Data          20  _printf_hex_int_ll_ptr.o(.constdata)
    .constdata                               0x0800762c   Section       17  __printf_flags_ss_wp.o(.constdata)
    maptable                                 0x0800762c   Data          17  __printf_flags_ss_wp.o(.constdata)
    .constdata                               0x08007640   Section        8  _printf_wctomb.o(.constdata)
    initial_mbstate                          0x08007640   Data           8  _printf_wctomb.o(.constdata)
    .constdata                               0x08007648   Section       38  _printf_fp_hex.o(.constdata)
    lc_hextab                                0x08007648   Data          19  _printf_fp_hex.o(.constdata)
    uc_hextab                                0x0800765b   Data          19  _printf_fp_hex.o(.constdata)
    .constdata                               0x08007670   Section      148  bigflt0.o(.constdata)
    tenpwrs_x                                0x08007670   Data          60  bigflt0.o(.constdata)
    tenpwrs_i                                0x080076ac   Data          64  bigflt0.o(.constdata)
    locale$$data                             0x08007724   Section       28  lc_numeric_c.o(locale$$data)
    __lcnum_c_name                           0x08007728   Data           2  lc_numeric_c.o(locale$$data)
    __lcnum_c_start                          0x08007730   Data           0  lc_numeric_c.o(locale$$data)
    __lcnum_c_point                          0x0800773c   Data           0  lc_numeric_c.o(locale$$data)
    __lcnum_c_thousands                      0x0800773e   Data           0  lc_numeric_c.o(locale$$data)
    __lcnum_c_grouping                       0x0800773f   Data           0  lc_numeric_c.o(locale$$data)
    locale$$data                             0x08007740   Section      272  lc_ctype_c.o(locale$$data)
    __lcnum_c_end                            0x08007740   Data           0  lc_numeric_c.o(locale$$data)
    __lcctype_c_name                         0x08007744   Data           2  lc_ctype_c.o(locale$$data)
    __lcctype_c_start                        0x0800774c   Data           0  lc_ctype_c.o(locale$$data)
    __lcctype_c_end                          0x08007850   Data           0  lc_ctype_c.o(locale$$data)
    .data                                    0x20000000   Section       22  main.o(.data)
    .data                                    0x20000018   Section       20  system_stm32f10x.o(.data)
    .data                                    0x2000002c   Section        4  as608.o(.data)
    .data                                    0x20000030   Section      880  oled.o(.data)
    .data                                    0x200003a0   Section        2  usart3.o(.data)
    .data                                    0x200003a2   Section        4  delay.o(.data)
    fac_us                                   0x200003a2   Data           1  delay.o(.data)
    fac_ms                                   0x200003a4   Data           2  delay.o(.data)
    .data                                    0x200003a6   Section        2  usart.o(.data)
    .data                                    0x200003a8   Section        4  usart.o(.data)
    .data                                    0x200003ac   Section       20  stm32f10x_rcc.o(.data)
    ADCPrescTable                            0x200003ac   Data           4  stm32f10x_rcc.o(.data)
    APBAHBPrescTable                         0x200003b0   Data          16  stm32f10x_rcc.o(.data)
    .bss                                     0x200003c0   Section       12  infraremote.o(.bss)
    .bss                                     0x200003cc   Section      800  usart3.o(.bss)
    .bss                                     0x200006ec   Section      200  usart.o(.bss)
    .bss                                     0x200007b4   Section       96  libspace.o(.bss)
    HEAP                                     0x20000818   Section      512  startup_stm32f10x_md.o(HEAP)
    Heap_Mem                                 0x20000818   Data         512  startup_stm32f10x_md.o(HEAP)
    STACK                                    0x20000a18   Section     1024  startup_stm32f10x_md.o(STACK)
    Stack_Mem                                0x20000a18   Data        1024  startup_stm32f10x_md.o(STACK)
    __initial_sp                             0x20000e18   Data           0  startup_stm32f10x_md.o(STACK)

    Global Symbols

    Symbol Name                              Value     Ov Type        Size  Object(Section)

    BuildAttributes$$THM_ISAv4$P$D$K$B$S$PE$A:L22UL41UL21$X:L11$S22US41US21$IEEE1$IW$USESV6$~STKCKD$USESV7$~SHL$OTIME$ROPI$IEEEJ$EBA8$UX$STANDARDLIB$REQ8$PRES8$EABIv2 0x00000000   Number         0  anon$$obj.o ABSOLUTE
    __ARM_use_no_argv                        0x00000000   Number         0  main.o ABSOLUTE
    _printf_flags                            0x00000000   Number         0  printf_stubs.o ABSOLUTE
    _printf_return_value                     0x00000000   Number         0  printf_stubs.o ABSOLUTE
    _printf_sizespec                         0x00000000   Number         0  printf_stubs.o ABSOLUTE
    _printf_widthprec                        0x00000000   Number         0  printf_stubs.o ABSOLUTE
    __ARM_exceptions_init                     - Undefined Weak Reference
    __alloca_initialize                       - Undefined Weak Reference
    __arm_preinit_                            - Undefined Weak Reference
    __cpp_initialize__aeabi_                  - Undefined Weak Reference
    __cxa_finalize                            - Undefined Weak Reference
    __sigvec_lookup                           - Undefined Weak Reference
    _atexit_init                              - Undefined Weak Reference
    _call_atexit_fns                          - Undefined Weak Reference
    _clock_init                               - Undefined Weak Reference
    _fp_trap_init                             - Undefined Weak Reference
    _fp_trap_shutdown                         - Undefined Weak Reference
    _get_lc_collate                           - Undefined Weak Reference
    _get_lc_monetary                          - Undefined Weak Reference
    _get_lc_time                              - Undefined Weak Reference
    _getenv_init                              - Undefined Weak Reference
    _handle_redirection                       - Undefined Weak Reference
    _init_alloc                               - Undefined Weak Reference
    _init_user_alloc                          - Undefined Weak Reference
    _initio                                   - Undefined Weak Reference
    _mutex_acquire                            - Undefined Weak Reference
    _mutex_release                            - Undefined Weak Reference
    _printf_mbtowc                            - Undefined Weak Reference
    _printf_wc                                - Undefined Weak Reference
    _rand_init                                - Undefined Weak Reference
    _signal_finish                            - Undefined Weak Reference
    _signal_init                              - Undefined Weak Reference
    _terminate_alloc                          - Undefined Weak Reference
    _terminate_user_alloc                     - Undefined Weak Reference
    _terminateio                              - Undefined Weak Reference
    __Vectors_Size                           0x000000ec   Number         0  startup_stm32f10x_md.o ABSOLUTE
    __Vectors                                0x08000000   Data           4  startup_stm32f10x_md.o(RESET)
    __Vectors_End                            0x080000ec   Data           0  startup_stm32f10x_md.o(RESET)
    __main                                   0x080000ed   Thumb Code     8  __main.o(!!!main)
    __scatterload                            0x080000f5   Thumb Code     0  __scatter.o(!!!scatter)
    __scatterload_rt2                        0x080000f5   Thumb Code    44  __scatter.o(!!!scatter)
    __scatterload_rt2_thumb_only             0x080000f5   Thumb Code     0  __scatter.o(!!!scatter)
    __scatterload_null                       0x08000103   Thumb Code     0  __scatter.o(!!!scatter)
    __decompress                             0x08000129   Thumb Code    90  __dczerorl2.o(!!dczerorl2)
    __decompress1                            0x08000129   Thumb Code     0  __dczerorl2.o(!!dczerorl2)
    __scatterload_zeroinit                   0x08000185   Thumb Code    28  __scatter_zi.o(!!handler_zi)
    _printf_n                                0x080001a1   Thumb Code     0  _printf_n.o(.ARM.Collect$$_printf_percent$$00000001)
    _printf_percent                          0x080001a1   Thumb Code     0  _printf_percent.o(.ARM.Collect$$_printf_percent$$00000000)
    _printf_p                                0x080001a7   Thumb Code     0  _printf_p.o(.ARM.Collect$$_printf_percent$$00000002)
    _printf_f                                0x080001ad   Thumb Code     0  _printf_f.o(.ARM.Collect$$_printf_percent$$00000003)
    _printf_e                                0x080001b3   Thumb Code     0  _printf_e.o(.ARM.Collect$$_printf_percent$$00000004)
    _printf_g                                0x080001b9   Thumb Code     0  _printf_g.o(.ARM.Collect$$_printf_percent$$00000005)
    _printf_a                                0x080001bf   Thumb Code     0  _printf_a.o(.ARM.Collect$$_printf_percent$$00000006)
    _printf_ll                               0x080001c5   Thumb Code     0  _printf_ll.o(.ARM.Collect$$_printf_percent$$00000007)
    _printf_i                                0x080001cf   Thumb Code     0  _printf_i.o(.ARM.Collect$$_printf_percent$$00000008)
    _printf_d                                0x080001d5   Thumb Code     0  _printf_d.o(.ARM.Collect$$_printf_percent$$00000009)
    _printf_u                                0x080001db   Thumb Code     0  _printf_u.o(.ARM.Collect$$_printf_percent$$0000000A)
    _printf_o                                0x080001e1   Thumb Code     0  _printf_o.o(.ARM.Collect$$_printf_percent$$0000000B)
    _printf_x                                0x080001e7   Thumb Code     0  _printf_x.o(.ARM.Collect$$_printf_percent$$0000000C)
    _printf_lli                              0x080001ed   Thumb Code     0  _printf_lli.o(.ARM.Collect$$_printf_percent$$0000000D)
    _printf_lld                              0x080001f3   Thumb Code     0  _printf_lld.o(.ARM.Collect$$_printf_percent$$0000000E)
    _printf_llu                              0x080001f9   Thumb Code     0  _printf_llu.o(.ARM.Collect$$_printf_percent$$0000000F)
    _printf_llo                              0x080001ff   Thumb Code     0  _printf_llo.o(.ARM.Collect$$_printf_percent$$00000010)
    _printf_llx                              0x08000205   Thumb Code     0  _printf_llx.o(.ARM.Collect$$_printf_percent$$00000011)
    _printf_l                                0x0800020b   Thumb Code     0  _printf_l.o(.ARM.Collect$$_printf_percent$$00000012)
    _printf_c                                0x08000215   Thumb Code     0  _printf_c.o(.ARM.Collect$$_printf_percent$$00000013)
    _printf_s                                0x0800021b   Thumb Code     0  _printf_s.o(.ARM.Collect$$_printf_percent$$00000014)
    _printf_lc                               0x08000221   Thumb Code     0  _printf_lc.o(.ARM.Collect$$_printf_percent$$00000015)
    _printf_ls                               0x08000227   Thumb Code     0  _printf_ls.o(.ARM.Collect$$_printf_percent$$00000016)
    _printf_percent_end                      0x0800022d   Thumb Code     0  _printf_percent_end.o(.ARM.Collect$$_printf_percent$$00000017)
    __rt_lib_init                            0x08000231   Thumb Code     0  libinit.o(.ARM.Collect$$libinit$$00000000)
    __rt_lib_init_fp_1                       0x08000233   Thumb Code     0  libinit2.o(.ARM.Collect$$libinit$$00000002)
    __rt_lib_init_heap_1                     0x08000233   Thumb Code     0  libinit2.o(.ARM.Collect$$libinit$$0000000A)
    __rt_lib_init_lc_common                  0x08000233   Thumb Code     0  libinit2.o(.ARM.Collect$$libinit$$0000000F)
    __rt_lib_init_preinit_1                  0x08000233   Thumb Code     0  libinit2.o(.ARM.Collect$$libinit$$00000004)
    __rt_lib_init_rand_1                     0x08000233   Thumb Code     0  libinit2.o(.ARM.Collect$$libinit$$0000000E)
    __rt_lib_init_user_alloc_1               0x08000233   Thumb Code     0  libinit2.o(.ARM.Collect$$libinit$$0000000C)
    __rt_lib_init_lc_collate_1               0x08000239   Thumb Code     0  libinit2.o(.ARM.Collect$$libinit$$00000011)
    __rt_lib_init_lc_ctype_2                 0x08000239   Thumb Code     0  libinit2.o(.ARM.Collect$$libinit$$00000012)
    __rt_lib_init_lc_ctype_1                 0x08000245   Thumb Code     0  libinit2.o(.ARM.Collect$$libinit$$00000013)
    __rt_lib_init_lc_monetary_1              0x08000245   Thumb Code     0  libinit2.o(.ARM.Collect$$libinit$$00000015)
    __rt_lib_init_lc_numeric_2               0x08000245   Thumb Code     0  libinit2.o(.ARM.Collect$$libinit$$00000016)
    __rt_lib_init_alloca_1                   0x0800024f   Thumb Code     0  libinit2.o(.ARM.Collect$$libinit$$0000002E)
    __rt_lib_init_argv_1                     0x0800024f   Thumb Code     0  libinit2.o(.ARM.Collect$$libinit$$0000002C)
    __rt_lib_init_atexit_1                   0x0800024f   Thumb Code     0  libinit2.o(.ARM.Collect$$libinit$$0000001B)
    __rt_lib_init_clock_1                    0x0800024f   Thumb Code     0  libinit2.o(.ARM.Collect$$libinit$$00000021)
    __rt_lib_init_cpp_1                      0x0800024f   Thumb Code     0  libinit2.o(.ARM.Collect$$libinit$$00000032)
    __rt_lib_init_exceptions_1               0x0800024f   Thumb Code     0  libinit2.o(.ARM.Collect$$libinit$$00000030)
    __rt_lib_init_fp_trap_1                  0x0800024f   Thumb Code     0  libinit2.o(.ARM.Collect$$libinit$$0000001F)
    __rt_lib_init_getenv_1                   0x0800024f   Thumb Code     0  libinit2.o(.ARM.Collect$$libinit$$00000023)
    __rt_lib_init_lc_numeric_1               0x0800024f   Thumb Code     0  libinit2.o(.ARM.Collect$$libinit$$00000017)
    __rt_lib_init_lc_time_1                  0x0800024f   Thumb Code     0  libinit2.o(.ARM.Collect$$libinit$$00000019)
    __rt_lib_init_return                     0x0800024f   Thumb Code     0  libinit2.o(.ARM.Collect$$libinit$$00000033)
    __rt_lib_init_signal_1                   0x0800024f   Thumb Code     0  libinit2.o(.ARM.Collect$$libinit$$0000001D)
    __rt_lib_init_stdio_1                    0x0800024f   Thumb Code     0  libinit2.o(.ARM.Collect$$libinit$$00000025)
    __rt_lib_shutdown                        0x08000251   Thumb Code     0  libshutdown.o(.ARM.Collect$$libshutdown$$00000000)
    __rt_lib_shutdown_cpp_1                  0x08000253   Thumb Code     0  libshutdown2.o(.ARM.Collect$$libshutdown$$00000002)
    __rt_lib_shutdown_fp_trap_1              0x08000253   Thumb Code     0  libshutdown2.o(.ARM.Collect$$libshutdown$$00000007)
    __rt_lib_shutdown_heap_1                 0x08000253   Thumb Code     0  libshutdown2.o(.ARM.Collect$$libshutdown$$0000000F)
    __rt_lib_shutdown_return                 0x08000253   Thumb Code     0  libshutdown2.o(.ARM.Collect$$libshutdown$$00000010)
    __rt_lib_shutdown_signal_1               0x08000253   Thumb Code     0  libshutdown2.o(.ARM.Collect$$libshutdown$$0000000A)
    __rt_lib_shutdown_stdio_1                0x08000253   Thumb Code     0  libshutdown2.o(.ARM.Collect$$libshutdown$$00000004)
    __rt_lib_shutdown_user_alloc_1           0x08000253   Thumb Code     0  libshutdown2.o(.ARM.Collect$$libshutdown$$0000000C)
    __rt_entry                               0x08000255   Thumb Code     0  __rtentry.o(.ARM.Collect$$rtentry$$00000000)
    __rt_entry_presh_1                       0x08000255   Thumb Code     0  __rtentry2.o(.ARM.Collect$$rtentry$$00000002)
    __rt_entry_sh                            0x08000255   Thumb Code     0  __rtentry4.o(.ARM.Collect$$rtentry$$00000004)
    __rt_entry_li                            0x0800025b   Thumb Code     0  __rtentry2.o(.ARM.Collect$$rtentry$$0000000A)
    __rt_entry_postsh_1                      0x0800025b   Thumb Code     0  __rtentry2.o(.ARM.Collect$$rtentry$$00000009)
    __rt_entry_main                          0x0800025f   Thumb Code     0  __rtentry2.o(.ARM.Collect$$rtentry$$0000000D)
    __rt_entry_postli_1                      0x0800025f   Thumb Code     0  __rtentry2.o(.ARM.Collect$$rtentry$$0000000C)
    __rt_exit                                0x08000267   Thumb Code     0  rtexit.o(.ARM.Collect$$rtexit$$00000000)
    __rt_exit_ls                             0x08000269   Thumb Code     0  rtexit2.o(.ARM.Collect$$rtexit$$00000003)
    __rt_exit_prels_1                        0x08000269   Thumb Code     0  rtexit2.o(.ARM.Collect$$rtexit$$00000002)
    __rt_exit_exit                           0x0800026d   Thumb Code     0  rtexit2.o(.ARM.Collect$$rtexit$$00000004)
    Del_FR                                   0x08000275   Thumb Code   200  main.o(.text)
    Add_FR                                   0x0800033d   Thumb Code   610  main.o(.text)
    press_FR                                 0x0800059f   Thumb Code   750  main.o(.text)
    main                                     0x0800088d   Thumb Code   108  main.o(.text)
    EXTI15_10_IRQHandler                     0x080008f9   Thumb Code    64  main.o(.text)
    EXTI9_5_IRQHandler                       0x08000939   Thumb Code   720  main.o(.text)
    NMI_Handler                              0x08000c49   Thumb Code     2  stm32f10x_it.o(.text)
    HardFault_Handler                        0x08000c4b   Thumb Code     2  stm32f10x_it.o(.text)
    MemManage_Handler                        0x08000c4d   Thumb Code     2  stm32f10x_it.o(.text)
    BusFault_Handler                         0x08000c4f   Thumb Code     2  stm32f10x_it.o(.text)
    UsageFault_Handler                       0x08000c51   Thumb Code     2  stm32f10x_it.o(.text)
    SVC_Handler                              0x08000c53   Thumb Code     2  stm32f10x_it.o(.text)
    DebugMon_Handler                         0x08000c55   Thumb Code     2  stm32f10x_it.o(.text)
    PendSV_Handler                           0x08000c57   Thumb Code     2  stm32f10x_it.o(.text)
    SysTick_Handler                          0x08000c59   Thumb Code     2  stm32f10x_it.o(.text)
    SystemInit                               0x08000cfd   Thumb Code    64  system_stm32f10x.o(.text)
    SystemCoreClockUpdate                    0x08000d3d   Thumb Code    84  system_stm32f10x.o(.text)
    SYS_INT                                  0x08000db1   Thumb Code    84  sys_int.o(.text)
    PS_StaGPIO_Init                          0x08000e09   Thumb Code    40  as608.o(.text)
    PS_GetImage                              0x08000ebd   Thumb Code    52  as608.o(.text)
    PS_GenChar                               0x08000ef1   Thumb Code    60  as608.o(.text)
    PS_Match                                 0x08000f2d   Thumb Code    52  as608.o(.text)
    PS_Search                                0x08000f61   Thumb Code   132  as608.o(.text)
    PS_RegModel                              0x08000fe5   Thumb Code    52  as608.o(.text)
    PS_StoreChar                             0x08001019   Thumb Code    82  as608.o(.text)
    PS_DeletChar                             0x0800106b   Thumb Code    94  as608.o(.text)
    PS_Empty                                 0x080010c9   Thumb Code    52  as608.o(.text)
    EnsureMessage                            0x080010fd   Thumb Code   130  as608.o(.text)
    PS_WriteReg                              0x0800117f   Thumb Code    96  as608.o(.text)
    PS_ReadSysPara                           0x080011df   Thumb Code   652  as608.o(.text)
    PS_SetAddr                               0x0800146b   Thumb Code   132  as608.o(.text)
    PS_WriteNotepad                          0x080014ef   Thumb Code    90  as608.o(.text)
    PS_ReadNotepad                           0x08001549   Thumb Code    82  as608.o(.text)
    PS_HighSpeedSearch                       0x0800159b   Thumb Code   130  as608.o(.text)
    PS_ValidTempleteNum                      0x0800161d   Thumb Code    74  as608.o(.text)
    PS_HandShake                             0x08001667   Thumb Code   100  as608.o(.text)
    infraRemote_Init                         0x08001779   Thumb Code   168  infraremote.o(.text)
    TIM3_IRQHandler                          0x08001821   Thumb Code   236  infraremote.o(.text)
    infraRemote_Scan                         0x0800190d   Thumb Code    60  infraremote.o(.text)
    infraAnalysis                            0x08001949   Thumb Code    20  infraremote.o(.text)
    LED_Init                                 0x0800196d   Thumb Code    58  led.o(.text)
    Delay_ms_led                             0x080019a7   Thumb Code    28  led.o(.text)
    LED0_FLASH                               0x080019c3   Thumb Code    32  led.o(.text)
    LED1_FLASH                               0x080019e3   Thumb Code    32  led.o(.text)
    OLED_SDA_out                             0x08001a0d   Thumb Code    30  oled.o(.text)
    OLED_SDA_Stop                            0x08001a2b   Thumb Code    46  oled.o(.text)
    OLED_SDA_in                              0x08001a59   Thumb Code    28  oled.o(.text)
    OLED_Ask                                 0x08001a75   Thumb Code    28  oled.o(.text)
    OLED_WriteByte                           0x08001a91   Thumb Code    80  oled.o(.text)
    OLED_SDA_Start                           0x08001ae1   Thumb Code    46  oled.o(.text)
    OLED_Write_Data                          0x08001b0f   Thumb Code    44  oled.o(.text)
    OLED_Write_Cmd                           0x08001b3b   Thumb Code    44  oled.o(.text)
    OLED_Clear                               0x08001b67   Thumb Code    54  oled.o(.text)
    OLED_Init                                0x08001b9d   Thumb Code   210  oled.o(.text)
    OLED_SetPos                              0x08001c6f   Thumb Code    44  oled.o(.text)
    OLED_On                                  0x08001c9b   Thumb Code    22  oled.o(.text)
    OLED_Off                                 0x08001cb1   Thumb Code    22  oled.o(.text)
    OLED_Fill                                0x08001cc7   Thumb Code    84  oled.o(.text)
    OLED_Show_Char                           0x08001d1b   Thumb Code   190  oled.o(.text)
    Getpow                                   0x08001dd9   Thumb Code    20  oled.o(.text)
    OLED_Show_UnIntNum                       0x08001ded   Thumb Code   178  oled.o(.text)
    OLED_Show_IntNum                         0x08001e9f   Thumb Code    52  oled.o(.text)
    OLED_Show_UnFloatNum                     0x08001ed3   Thumb Code   214  oled.o(.text)
    OLED_Show_FloatNum                       0x08001fa9   Thumb Code    84  oled.o(.text)
    OLED_Show_Str                            0x08001ffd   Thumb Code    76  oled.o(.text)
    OLED_Show_Font12X12                      0x08002049   Thumb Code   122  oled.o(.text)
    OLED_Show_Many_Chinese12X12              0x080020c3   Thumb Code    62  oled.o(.text)
    OLED_Show_Font12X16                      0x08002101   Thumb Code   122  oled.o(.text)
    OLED_Show_Font16X16                      0x0800217b   Thumb Code   124  oled.o(.text)
    OLED_Show_Picture                        0x080021f7   Thumb Code    90  oled.o(.text)
    TIM4_IRQHandler                          0x08002261   Thumb Code    48  timer.o(.text)
    TIM4_Int_Init                            0x08002291   Thumb Code    90  timer.o(.text)
    USART3_IRQHandler                        0x080022f5   Thumb Code    88  usart3.o(.text)
    usart3_init                              0x0800234d   Thumb Code   186  usart3.o(.text)
    u3_printf                                0x08002407   Thumb Code    68  usart3.o(.text)
    delay_init                               0x08002465   Thumb Code    46  delay.o(.text)
    delay_us                                 0x08002493   Thumb Code    46  delay.o(.text)
    delay_ms                                 0x080024c1   Thumb Code    46  delay.o(.text)
    _sys_exit                                0x080024fd   Thumb Code     2  usart.o(.text)
    fputc                                    0x080024ff   Thumb Code    18  usart.o(.text)
    uart_init                                0x08002511   Thumb Code   152  usart.o(.text)
    USART1_IRQHandler                        0x080025a9   Thumb Code    88  usart.o(.text)
    Reset_Handler                            0x08002611   Thumb Code     8  startup_stm32f10x_md.o(.text)
    ADC1_2_IRQHandler                        0x0800262b   Thumb Code     0  startup_stm32f10x_md.o(.text)
    CAN1_RX1_IRQHandler                      0x0800262b   Thumb Code     0  startup_stm32f10x_md.o(.text)
    CAN1_SCE_IRQHandler                      0x0800262b   Thumb Code     0  startup_stm32f10x_md.o(.text)
    DMA1_Channel1_IRQHandler                 0x0800262b   Thumb Code     0  startup_stm32f10x_md.o(.text)
    DMA1_Channel2_IRQHandler                 0x0800262b   Thumb Code     0  startup_stm32f10x_md.o(.text)
    DMA1_Channel3_IRQHandler                 0x0800262b   Thumb Code     0  startup_stm32f10x_md.o(.text)
    DMA1_Channel4_IRQHandler                 0x0800262b   Thumb Code     0  startup_stm32f10x_md.o(.text)
    DMA1_Channel5_IRQHandler                 0x0800262b   Thumb Code     0  startup_stm32f10x_md.o(.text)
    DMA1_Channel6_IRQHandler                 0x0800262b   Thumb Code     0  startup_stm32f10x_md.o(.text)
    DMA1_Channel7_IRQHandler                 0x0800262b   Thumb Code     0  startup_stm32f10x_md.o(.text)
    EXTI0_IRQHandler                         0x0800262b   Thumb Code     0  startup_stm32f10x_md.o(.text)
    EXTI1_IRQHandler                         0x0800262b   Thumb Code     0  startup_stm32f10x_md.o(.text)
    EXTI2_IRQHandler                         0x0800262b   Thumb Code     0  startup_stm32f10x_md.o(.text)
    EXTI3_IRQHandler                         0x0800262b   Thumb Code     0  startup_stm32f10x_md.o(.text)
    EXTI4_IRQHandler                         0x0800262b   Thumb Code     0  startup_stm32f10x_md.o(.text)
    FLASH_IRQHandler                         0x0800262b   Thumb Code     0  startup_stm32f10x_md.o(.text)
    I2C1_ER_IRQHandler                       0x0800262b   Thumb Code     0  startup_stm32f10x_md.o(.text)
    I2C1_EV_IRQHandler                       0x0800262b   Thumb Code     0  startup_stm32f10x_md.o(.text)
    I2C2_ER_IRQHandler                       0x0800262b   Thumb Code     0  startup_stm32f10x_md.o(.text)
    I2C2_EV_IRQHandler                       0x0800262b   Thumb Code     0  startup_stm32f10x_md.o(.text)
    PVD_IRQHandler                           0x0800262b   Thumb Code     0  startup_stm32f10x_md.o(.text)
    RCC_IRQHandler                           0x0800262b   Thumb Code     0  startup_stm32f10x_md.o(.text)
    RTCAlarm_IRQHandler                      0x0800262b   Thumb Code     0  startup_stm32f10x_md.o(.text)
    RTC_IRQHandler                           0x0800262b   Thumb Code     0  startup_stm32f10x_md.o(.text)
    SPI1_IRQHandler                          0x0800262b   Thumb Code     0  startup_stm32f10x_md.o(.text)
    SPI2_IRQHandler                          0x0800262b   Thumb Code     0  startup_stm32f10x_md.o(.text)
    TAMPER_IRQHandler                        0x0800262b   Thumb Code     0  startup_stm32f10x_md.o(.text)
    TIM1_BRK_IRQHandler                      0x0800262b   Thumb Code     0  startup_stm32f10x_md.o(.text)
    TIM1_CC_IRQHandler                       0x0800262b   Thumb Code     0  startup_stm32f10x_md.o(.text)
    TIM1_TRG_COM_IRQHandler                  0x0800262b   Thumb Code     0  startup_stm32f10x_md.o(.text)
    TIM1_UP_IRQHandler                       0x0800262b   Thumb Code     0  startup_stm32f10x_md.o(.text)
    TIM2_IRQHandler                          0x0800262b   Thumb Code     0  startup_stm32f10x_md.o(.text)
    USART2_IRQHandler                        0x0800262b   Thumb Code     0  startup_stm32f10x_md.o(.text)
    USBWakeUp_IRQHandler                     0x0800262b   Thumb Code     0  startup_stm32f10x_md.o(.text)
    USB_HP_CAN1_TX_IRQHandler                0x0800262b   Thumb Code     0  startup_stm32f10x_md.o(.text)
    USB_LP_CAN1_RX0_IRQHandler               0x0800262b   Thumb Code     0  startup_stm32f10x_md.o(.text)
    WWDG_IRQHandler                          0x0800262b   Thumb Code     0  startup_stm32f10x_md.o(.text)
    __user_initial_stackheap                 0x0800262d   Thumb Code     0  startup_stm32f10x_md.o(.text)
    NVIC_PriorityGroupConfig                 0x08002651   Thumb Code    10  misc.o(.text)
    NVIC_Init                                0x0800265b   Thumb Code    94  misc.o(.text)
    NVIC_SetVectorTable                      0x080026b9   Thumb Code    14  misc.o(.text)
    NVIC_SystemLPConfig                      0x080026c7   Thumb Code    20  misc.o(.text)
    SysTick_CLKSourceConfig                  0x080026db   Thumb Code    24  misc.o(.text)
    GPIO_DeInit                              0x08002701   Thumb Code   152  stm32f10x_gpio.o(.text)
    GPIO_AFIODeInit                          0x08002799   Thumb Code    22  stm32f10x_gpio.o(.text)
    GPIO_Init                                0x080027af   Thumb Code   164  stm32f10x_gpio.o(.text)
    GPIO_StructInit                          0x08002853   Thumb Code    16  stm32f10x_gpio.o(.text)
    GPIO_ReadInputDataBit                    0x08002863   Thumb Code    14  stm32f10x_gpio.o(.text)
    GPIO_ReadInputData                       0x08002871   Thumb Code     6  stm32f10x_gpio.o(.text)
    GPIO_ReadOutputDataBit                   0x08002877   Thumb Code    14  stm32f10x_gpio.o(.text)
    GPIO_ReadOutputData                      0x08002885   Thumb Code     6  stm32f10x_gpio.o(.text)
    GPIO_SetBits                             0x0800288b   Thumb Code     4  stm32f10x_gpio.o(.text)
    GPIO_ResetBits                           0x0800288f   Thumb Code     4  stm32f10x_gpio.o(.text)
    GPIO_WriteBit                            0x08002893   Thumb Code    10  stm32f10x_gpio.o(.text)
    GPIO_Write                               0x0800289d   Thumb Code     4  stm32f10x_gpio.o(.text)
    GPIO_PinLockConfig                       0x080028a1   Thumb Code    16  stm32f10x_gpio.o(.text)
    GPIO_EventOutputConfig                   0x080028b1   Thumb Code    22  stm32f10x_gpio.o(.text)
    GPIO_EventOutputCmd                      0x080028c7   Thumb Code     6  stm32f10x_gpio.o(.text)
    GPIO_PinRemapConfig                      0x080028cd   Thumb Code    82  stm32f10x_gpio.o(.text)
    GPIO_EXTILineConfig                      0x0800291f   Thumb Code    34  stm32f10x_gpio.o(.text)
    GPIO_ETH_MediaInterfaceConfig            0x08002941   Thumb Code     8  stm32f10x_gpio.o(.text)
    RCC_DeInit                               0x0800296d   Thumb Code    50  stm32f10x_rcc.o(.text)
    RCC_HSEConfig                            0x0800299f   Thumb Code    48  stm32f10x_rcc.o(.text)
    RCC_GetFlagStatus                        0x080029cf   Thumb Code    42  stm32f10x_rcc.o(.text)
    RCC_WaitForHSEStartUp                    0x080029f9   Thumb Code    44  stm32f10x_rcc.o(.text)
    RCC_AdjustHSICalibrationValue            0x08002a25   Thumb Code    16  stm32f10x_rcc.o(.text)
    RCC_HSICmd                               0x08002a35   Thumb Code     6  stm32f10x_rcc.o(.text)
    RCC_PLLConfig                            0x08002a3b   Thumb Code    16  stm32f10x_rcc.o(.text)
    RCC_PLLCmd                               0x08002a4b   Thumb Code     6  stm32f10x_rcc.o(.text)
    RCC_SYSCLKConfig                         0x08002a51   Thumb Code    14  stm32f10x_rcc.o(.text)
    RCC_GetSYSCLKSource                      0x08002a5f   Thumb Code    10  stm32f10x_rcc.o(.text)
    RCC_HCLKConfig                           0x08002a69   Thumb Code    14  stm32f10x_rcc.o(.text)
    RCC_PCLK1Config                          0x08002a77   Thumb Code    14  stm32f10x_rcc.o(.text)
    RCC_PCLK2Config                          0x08002a85   Thumb Code    16  stm32f10x_rcc.o(.text)
    RCC_ITConfig                             0x08002a95   Thumb Code    18  stm32f10x_rcc.o(.text)
    RCC_USBCLKConfig                         0x08002aa7   Thumb Code     8  stm32f10x_rcc.o(.text)
    RCC_ADCCLKConfig                         0x08002aaf   Thumb Code    14  stm32f10x_rcc.o(.text)
    RCC_LSEConfig                            0x08002abd   Thumb Code    28  stm32f10x_rcc.o(.text)
    RCC_LSICmd                               0x08002ad9   Thumb Code     6  stm32f10x_rcc.o(.text)
    RCC_RTCCLKConfig                         0x08002adf   Thumb Code    10  stm32f10x_rcc.o(.text)
    RCC_RTCCLKCmd                            0x08002ae9   Thumb Code     8  stm32f10x_rcc.o(.text)
    RCC_GetClocksFreq                        0x08002af1   Thumb Code   128  stm32f10x_rcc.o(.text)
    RCC_AHBPeriphClockCmd                    0x08002b71   Thumb Code    18  stm32f10x_rcc.o(.text)
    RCC_APB2PeriphClockCmd                   0x08002b83   Thumb Code    18  stm32f10x_rcc.o(.text)
    RCC_APB1PeriphClockCmd                   0x08002b95   Thumb Code    18  stm32f10x_rcc.o(.text)
    RCC_APB2PeriphResetCmd                   0x08002ba7   Thumb Code    18  stm32f10x_rcc.o(.text)
    RCC_APB1PeriphResetCmd                   0x08002bb9   Thumb Code    18  stm32f10x_rcc.o(.text)
    RCC_BackupResetCmd                       0x08002bcb   Thumb Code     8  stm32f10x_rcc.o(.text)
    RCC_ClockSecuritySystemCmd               0x08002bd3   Thumb Code     6  stm32f10x_rcc.o(.text)
    RCC_MCOConfig                            0x08002bd9   Thumb Code     6  stm32f10x_rcc.o(.text)
    RCC_ClearFlag                            0x08002bdf   Thumb Code    12  stm32f10x_rcc.o(.text)
    RCC_GetITStatus                          0x08002beb   Thumb Code    16  stm32f10x_rcc.o(.text)
    RCC_ClearITPendingBit                    0x08002bfb   Thumb Code     6  stm32f10x_rcc.o(.text)
    USART_DeInit                             0x08002c21   Thumb Code    96  stm32f10x_usart.o(.text)
    USART_Init                               0x08002c81   Thumb Code   166  stm32f10x_usart.o(.text)
    USART_StructInit                         0x08002d27   Thumb Code    22  stm32f10x_usart.o(.text)
    USART_ClockInit                          0x08002d3d   Thumb Code    30  stm32f10x_usart.o(.text)
    USART_ClockStructInit                    0x08002d5b   Thumb Code    12  stm32f10x_usart.o(.text)
    USART_Cmd                                0x08002d67   Thumb Code    20  stm32f10x_usart.o(.text)
    USART_ITConfig                           0x08002d7b   Thumb Code    48  stm32f10x_usart.o(.text)
    USART_DMACmd                             0x08002dab   Thumb Code    16  stm32f10x_usart.o(.text)
    USART_SetAddress                         0x08002dbb   Thumb Code    16  stm32f10x_usart.o(.text)
    USART_WakeUpConfig                       0x08002dcb   Thumb Code    16  stm32f10x_usart.o(.text)
    USART_ReceiverWakeUpCmd                  0x08002ddb   Thumb Code    20  stm32f10x_usart.o(.text)
    USART_LINBreakDetectLengthConfig         0x08002def   Thumb Code    16  stm32f10x_usart.o(.text)
    USART_LINCmd                             0x08002dff   Thumb Code    20  stm32f10x_usart.o(.text)
    USART_SendData                           0x08002e13   Thumb Code     8  stm32f10x_usart.o(.text)
    USART_ReceiveData                        0x08002e1b   Thumb Code     8  stm32f10x_usart.o(.text)
    USART_SendBreak                          0x08002e23   Thumb Code    10  stm32f10x_usart.o(.text)
    USART_SetGuardTime                       0x08002e2d   Thumb Code    16  stm32f10x_usart.o(.text)
    USART_SetPrescaler                       0x08002e3d   Thumb Code    16  stm32f10x_usart.o(.text)
    USART_SmartCardCmd                       0x08002e4d   Thumb Code    20  stm32f10x_usart.o(.text)
    USART_SmartCardNACKCmd                   0x08002e61   Thumb Code    20  stm32f10x_usart.o(.text)
    USART_HalfDuplexCmd                      0x08002e75   Thumb Code    20  stm32f10x_usart.o(.text)
    USART_OverSampling8Cmd                   0x08002e89   Thumb Code    20  stm32f10x_usart.o(.text)
    USART_OneBitMethodCmd                    0x08002e9d   Thumb Code    20  stm32f10x_usart.o(.text)
    USART_IrDAConfig                         0x08002eb1   Thumb Code    16  stm32f10x_usart.o(.text)
    USART_IrDACmd                            0x08002ec1   Thumb Code    20  stm32f10x_usart.o(.text)
    USART_GetFlagStatus                      0x08002ed5   Thumb Code    14  stm32f10x_usart.o(.text)
    USART_ClearFlag                          0x08002ee3   Thumb Code     6  stm32f10x_usart.o(.text)
    USART_GetITStatus                        0x08002ee9   Thumb Code    62  stm32f10x_usart.o(.text)
    USART_ClearITPendingBit                  0x08002f27   Thumb Code    12  stm32f10x_usart.o(.text)
    TIM_DeInit                               0x08002f49   Thumb Code   304  stm32f10x_tim.o(.text)
    TIM_TimeBaseInit                         0x08003079   Thumb Code   114  stm32f10x_tim.o(.text)
    TIM_OC1Init                              0x080030eb   Thumb Code   106  stm32f10x_tim.o(.text)
    TIM_OC2Init                              0x08003155   Thumb Code   120  stm32f10x_tim.o(.text)
    TIM_OC3Init                              0x080031cd   Thumb Code   116  stm32f10x_tim.o(.text)
    TIM_OC4Init                              0x08003241   Thumb Code    90  stm32f10x_tim.o(.text)
    TIM_SetIC4Prescaler                      0x0800329b   Thumb Code    24  stm32f10x_tim.o(.text)
    TIM_SetIC3Prescaler                      0x080032b3   Thumb Code    16  stm32f10x_tim.o(.text)
    TIM_SetIC2Prescaler                      0x080032c3   Thumb Code    24  stm32f10x_tim.o(.text)
    TIM_SetIC1Prescaler                      0x08003381   Thumb Code    16  stm32f10x_tim.o(.text)
    TIM_ICInit                               0x080033e9   Thumb Code   272  stm32f10x_tim.o(.text)
    TIM_PWMIConfig                           0x080034f9   Thumb Code   104  stm32f10x_tim.o(.text)
    TIM_BDTRConfig                           0x08003561   Thumb Code    34  stm32f10x_tim.o(.text)
    TIM_TimeBaseStructInit                   0x08003583   Thumb Code    18  stm32f10x_tim.o(.text)
    TIM_OCStructInit                         0x08003595   Thumb Code    20  stm32f10x_tim.o(.text)
    TIM_ICStructInit                         0x080035a9   Thumb Code    16  stm32f10x_tim.o(.text)
    TIM_BDTRStructInit                       0x080035b9   Thumb Code    18  stm32f10x_tim.o(.text)
    TIM_Cmd                                  0x080035cb   Thumb Code    20  stm32f10x_tim.o(.text)
    TIM_CtrlPWMOutputs                       0x080035df   Thumb Code    22  stm32f10x_tim.o(.text)
    TIM_ITConfig                             0x080035f5   Thumb Code    16  stm32f10x_tim.o(.text)
    TIM_GenerateEvent                        0x08003605   Thumb Code     4  stm32f10x_tim.o(.text)
    TIM_DMAConfig                            0x08003609   Thumb Code     8  stm32f10x_tim.o(.text)
    TIM_DMACmd                               0x08003611   Thumb Code    16  stm32f10x_tim.o(.text)
    TIM_InternalClockConfig                  0x08003621   Thumb Code    10  stm32f10x_tim.o(.text)
    TIM_SelectInputTrigger                   0x0800362b   Thumb Code    12  stm32f10x_tim.o(.text)
    TIM_ITRxExternalClockConfig              0x08003637   Thumb Code    18  stm32f10x_tim.o(.text)
    TIM_TIxExternalClockConfig               0x08003649   Thumb Code    46  stm32f10x_tim.o(.text)
    TIM_ETRConfig                            0x08003677   Thumb Code    24  stm32f10x_tim.o(.text)
    TIM_ETRClockMode1Config                  0x0800368f   Thumb Code    18  stm32f10x_tim.o(.text)
    TIM_ETRClockMode2Config                  0x080036a1   Thumb Code    18  stm32f10x_tim.o(.text)
    TIM_PrescalerConfig                      0x080036b3   Thumb Code     6  stm32f10x_tim.o(.text)
    TIM_CounterModeConfig                    0x080036b9   Thumb Code    12  stm32f10x_tim.o(.text)
    TIM_EncoderInterfaceConfig               0x080036c5   Thumb Code    50  stm32f10x_tim.o(.text)
    TIM_ForcedOC1Config                      0x080036f7   Thumb Code    12  stm32f10x_tim.o(.text)
    TIM_ForcedOC2Config                      0x08003703   Thumb Code    20  stm32f10x_tim.o(.text)
    TIM_ForcedOC3Config                      0x08003717   Thumb Code    12  stm32f10x_tim.o(.text)
    TIM_ForcedOC4Config                      0x08003723   Thumb Code    20  stm32f10x_tim.o(.text)
    TIM_ARRPreloadConfig                     0x08003737   Thumb Code    20  stm32f10x_tim.o(.text)
    TIM_SelectCOM                            0x0800374b   Thumb Code    20  stm32f10x_tim.o(.text)
    TIM_SelectCCDMA                          0x0800375f   Thumb Code    20  stm32f10x_tim.o(.text)
    TIM_CCPreloadControl                     0x08003773   Thumb Code    20  stm32f10x_tim.o(.text)
    TIM_OC1PreloadConfig                     0x08003787   Thumb Code    34  stm32f10x_tim.o(.text)
    TIM_OC2PreloadConfig                     0x080037a9   Thumb Code    20  stm32f10x_tim.o(.text)
    TIM_OC3PreloadConfig                     0x080037bd   Thumb Code    12  stm32f10x_tim.o(.text)
    TIM_OC4PreloadConfig                     0x080037c9   Thumb Code    20  stm32f10x_tim.o(.text)
    TIM_OC1FastConfig                        0x080037dd   Thumb Code    12  stm32f10x_tim.o(.text)
    TIM_OC2FastConfig                        0x080037e9   Thumb Code    20  stm32f10x_tim.o(.text)
    TIM_OC3FastConfig                        0x080037fd   Thumb Code    12  stm32f10x_tim.o(.text)
    TIM_OC4FastConfig                        0x08003809   Thumb Code    20  stm32f10x_tim.o(.text)
    TIM_ClearOC1Ref                          0x0800381d   Thumb Code    12  stm32f10x_tim.o(.text)
    TIM_ClearOC2Ref                          0x08003829   Thumb Code    20  stm32f10x_tim.o(.text)
    TIM_ClearOC3Ref                          0x0800383d   Thumb Code    12  stm32f10x_tim.o(.text)
    TIM_ClearOC4Ref                          0x08003849   Thumb Code    20  stm32f10x_tim.o(.text)
    TIM_OC1PolarityConfig                    0x0800385d   Thumb Code    12  stm32f10x_tim.o(.text)
    TIM_OC1NPolarityConfig                   0x08003869   Thumb Code    12  stm32f10x_tim.o(.text)
    TIM_OC2PolarityConfig                    0x08003875   Thumb Code    20  stm32f10x_tim.o(.text)
    TIM_OC2NPolarityConfig                   0x08003889   Thumb Code    20  stm32f10x_tim.o(.text)
    TIM_OC3PolarityConfig                    0x0800389d   Thumb Code    20  stm32f10x_tim.o(.text)
    TIM_OC3NPolarityConfig                   0x080038b1   Thumb Code    20  stm32f10x_tim.o(.text)
    TIM_OC4PolarityConfig                    0x080038c5   Thumb Code    20  stm32f10x_tim.o(.text)
    TIM_CCxCmd                               0x080038d9   Thumb Code    22  stm32f10x_tim.o(.text)
    TIM_CCxNCmd                              0x080038ef   Thumb Code    22  stm32f10x_tim.o(.text)
    TIM_SelectOCxM                           0x08003905   Thumb Code    70  stm32f10x_tim.o(.text)
    TIM_UpdateDisableConfig                  0x0800394b   Thumb Code    20  stm32f10x_tim.o(.text)
    TIM_UpdateRequestConfig                  0x0800395f   Thumb Code    20  stm32f10x_tim.o(.text)
    TIM_SelectHallSensor                     0x08003973   Thumb Code    20  stm32f10x_tim.o(.text)
    TIM_SelectOnePulseMode                   0x08003987   Thumb Code    16  stm32f10x_tim.o(.text)
    TIM_SelectOutputTrigger                  0x08003997   Thumb Code    16  stm32f10x_tim.o(.text)
    TIM_SelectSlaveMode                      0x080039a7   Thumb Code    16  stm32f10x_tim.o(.text)
    TIM_SelectMasterSlaveMode                0x080039b7   Thumb Code    16  stm32f10x_tim.o(.text)
    TIM_SetCounter                           0x080039c7   Thumb Code     4  stm32f10x_tim.o(.text)
    TIM_SetAutoreload                        0x080039cb   Thumb Code     4  stm32f10x_tim.o(.text)
    TIM_SetCompare1                          0x080039cf   Thumb Code     4  stm32f10x_tim.o(.text)
    TIM_SetCompare2                          0x080039d3   Thumb Code     4  stm32f10x_tim.o(.text)
    TIM_SetCompare3                          0x080039d7   Thumb Code     4  stm32f10x_tim.o(.text)
    TIM_SetCompare4                          0x080039db   Thumb Code     6  stm32f10x_tim.o(.text)
    TIM_SetClockDivision                     0x080039e1   Thumb Code    16  stm32f10x_tim.o(.text)
    TIM_GetCapture1                          0x080039f1   Thumb Code     4  stm32f10x_tim.o(.text)
    TIM_GetCapture2                          0x080039f5   Thumb Code     4  stm32f10x_tim.o(.text)
    TIM_GetCapture3                          0x080039f9   Thumb Code     4  stm32f10x_tim.o(.text)
    TIM_GetCapture4                          0x080039fd   Thumb Code     6  stm32f10x_tim.o(.text)
    TIM_GetCounter                           0x08003a03   Thumb Code     4  stm32f10x_tim.o(.text)
    TIM_GetPrescaler                         0x08003a07   Thumb Code     4  stm32f10x_tim.o(.text)
    TIM_GetFlagStatus                        0x08003a0b   Thumb Code    14  stm32f10x_tim.o(.text)
    TIM_ClearFlag                            0x08003a19   Thumb Code     6  stm32f10x_tim.o(.text)
    TIM_GetITStatus                          0x08003a1f   Thumb Code    24  stm32f10x_tim.o(.text)
    TIM_ClearITPendingBit                    0x08003a37   Thumb Code     6  stm32f10x_tim.o(.text)
    EXTI_DeInit                              0x08003a3d   Thumb Code    28  stm32f10x_exti.o(.text)
    EXTI_Init                                0x08003a59   Thumb Code   108  stm32f10x_exti.o(.text)
    EXTI_StructInit                          0x08003ac5   Thumb Code    14  stm32f10x_exti.o(.text)
    EXTI_GenerateSWInterrupt                 0x08003ad3   Thumb Code    12  stm32f10x_exti.o(.text)
    EXTI_GetFlagStatus                       0x08003adf   Thumb Code    18  stm32f10x_exti.o(.text)
    EXTI_ClearFlag                           0x08003af1   Thumb Code     8  stm32f10x_exti.o(.text)
    EXTI_GetITStatus                         0x08003af9   Thumb Code    28  stm32f10x_exti.o(.text)
    EXTI_ClearITPendingBit                   0x08003b15   Thumb Code     8  stm32f10x_exti.o(.text)
    __use_no_semihosting                     0x08003b25   Thumb Code     2  use_no_semi_2.o(.text)
    vsprintf                                 0x08003b29   Thumb Code    32  vsprintf.o(.text)
    __2printf                                0x08003b4d   Thumb Code    20  __2printf.o(.text)
    _printf_str                              0x08003b65   Thumb Code    82  _printf_str.o(.text)
    _printf_int_dec                          0x08003bb9   Thumb Code   104  _printf_dec.o(.text)
    _printf_longlong_hex                     0x08003c31   Thumb Code    86  _printf_hex_int_ll_ptr.o(.text)
    _printf_int_hex                          0x08003c87   Thumb Code    28  _printf_hex_int_ll_ptr.o(.text)
    _printf_ll_hex                           0x08003ca3   Thumb Code    12  _printf_hex_int_ll_ptr.o(.text)
    _printf_hex_ptr                          0x08003caf   Thumb Code    18  _printf_hex_int_ll_ptr.o(.text)
    __printf                                 0x08003cc5   Thumb Code   388  __printf_flags_ss_wp.o(.text)
    strstr                                   0x08003e4d   Thumb Code    36  strstr.o(.text)
    strlen                                   0x08003e71   Thumb Code    62  strlen.o(.text)
    __use_two_region_memory                  0x08003eaf   Thumb Code     2  heapauxi.o(.text)
    __rt_heap_escrow$2region                 0x08003eb1   Thumb Code     2  heapauxi.o(.text)
    __rt_heap_expand$2region                 0x08003eb3   Thumb Code     2  heapauxi.o(.text)
    __I$use$semihosting                      0x08003eb5   Thumb Code     0  use_no_semi.o(.text)
    __use_no_semihosting_swi                 0x08003eb5   Thumb Code     2  use_no_semi.o(.text)
    _printf_pre_padding                      0x08003eb7   Thumb Code    44  _printf_pad.o(.text)
    _printf_post_padding                     0x08003ee3   Thumb Code    34  _printf_pad.o(.text)
    _printf_truncate_signed                  0x08003f05   Thumb Code    18  _printf_truncate.o(.text)
    _printf_truncate_unsigned                0x08003f17   Thumb Code    18  _printf_truncate.o(.text)
    _printf_int_common                       0x08003f29   Thumb Code   178  _printf_intcommon.o(.text)
    _printf_charcount                        0x08003fdb   Thumb Code    40  _printf_charcount.o(.text)
    _printf_char_common                      0x0800400f   Thumb Code    32  _printf_char_common.o(.text)
    _sputc                                   0x08004035   Thumb Code    10  _sputc.o(.text)
    _printf_cs_common                        0x0800403f   Thumb Code    20  _printf_char.o(.text)
    _printf_char                             0x08004053   Thumb Code    16  _printf_char.o(.text)
    _printf_string                           0x08004063   Thumb Code     8  _printf_char.o(.text)
    _printf_char_file                        0x0800406d   Thumb Code    32  _printf_char_file.o(.text)
    _printf_wctomb                           0x08004091   Thumb Code   182  _printf_wctomb.o(.text)
    _printf_longlong_dec                     0x0800414d   Thumb Code   108  _printf_longlong_dec.o(.text)
    _printf_longlong_oct                     0x080041c9   Thumb Code    66  _printf_oct_int_ll.o(.text)
    _printf_int_oct                          0x0800420b   Thumb Code    24  _printf_oct_int_ll.o(.text)
    _printf_ll_oct                           0x08004223   Thumb Code    12  _printf_oct_int_ll.o(.text)
    _ll_udiv10                               0x08004239   Thumb Code   138  lludiv10.o(.text)
    __lib_sel_fp_printf                      0x080042c3   Thumb Code     2  _printf_fp_dec.o(.text)
    _printf_fp_dec_real                      0x08004475   Thumb Code   620  _printf_fp_dec.o(.text)
    _printf_fp_hex_real                      0x080046e1   Thumb Code   756  _printf_fp_hex.o(.text)
    _printf_lcs_common                       0x080049dd   Thumb Code    20  _printf_wchar.o(.text)
    _printf_wchar                            0x080049f1   Thumb Code    16  _printf_wchar.o(.text)
    _printf_wstring                          0x08004a01   Thumb Code     8  _printf_wchar.o(.text)
    ferror                                   0x08004a09   Thumb Code     8  ferror.o(.text)
    _wcrtomb                                 0x08004a11   Thumb Code    64  _wcrtomb.o(.text)
    __user_setup_stackheap                   0x08004a51   Thumb Code    74  sys_stackheap_outer.o(.text)
    __rt_ctype_table                         0x08004a9d   Thumb Code    16  rt_ctype_table.o(.text)
    __rt_locale                              0x08004aad   Thumb Code     8  rt_locale_intlibspace.o(.text)
    _printf_fp_infnan                        0x08004ab5   Thumb Code   112  _printf_fp_infnan.o(.text)
    _btod_etento                             0x08004b35   Thumb Code   224  bigflt0.o(.text)
    exit                                     0x08004c19   Thumb Code    18  exit.o(.text)
    __user_libspace                          0x08004c2d   Thumb Code     8  libspace.o(.text)
    __user_perproc_libspace                  0x08004c2d   Thumb Code     0  libspace.o(.text)
    __user_perthread_libspace                0x08004c2d   Thumb Code     0  libspace.o(.text)
    strcmp                                   0x08004c35   Thumb Code   128  strcmpv7m.o(.text)
    _btod_d2e                                0x08004cb5   Thumb Code    62  btod.o(CL$$btod_d2e)
    _d2e_denorm_low                          0x08004cf3   Thumb Code    70  btod.o(CL$$btod_d2e_denorm_low)
    _d2e_norm_op1                            0x08004d39   Thumb Code    96  btod.o(CL$$btod_d2e_norm_op1)
    __btod_div_common                        0x08004d99   Thumb Code   696  btod.o(CL$$btod_div_common)
    _e2e                                     0x080050d1   Thumb Code   220  btod.o(CL$$btod_e2e)
    _btod_ediv                               0x080051ad   Thumb Code    42  btod.o(CL$$btod_ediv)
    _btod_emul                               0x080051d7   Thumb Code    42  btod.o(CL$$btod_emul)
    __btod_mult_common                       0x08005201   Thumb Code   580  btod.o(CL$$btod_mult_common)
    __ARM_fpclassify                         0x08005445   Thumb Code    40  fpclassify.o(i.__ARM_fpclassify)
    _is_digit                                0x0800546d   Thumb Code    14  __printf_wp.o(i._is_digit)
    _get_lc_numeric                          0x0800547d   Thumb Code    44  lc_numeric_c.o(locale$$code)
    _get_lc_ctype                            0x080054a9   Thumb Code    44  lc_ctype_c.o(locale$$code)
    __aeabi_dadd                             0x080054d5   Thumb Code     0  daddsub_clz.o(x$fpl$dadd)
    _dadd                                    0x080054d5   Thumb Code   332  daddsub_clz.o(x$fpl$dadd)
    __fpl_dcmp_Inf                           0x08005625   Thumb Code    24  dcmpi.o(x$fpl$dcmpinf)
    __aeabi_ddiv                             0x0800563d   Thumb Code     0  ddiv.o(x$fpl$ddiv)
    _ddiv                                    0x0800563d   Thumb Code   552  ddiv.o(x$fpl$ddiv)
    __aeabi_d2iz                             0x080058ed   Thumb Code     0  dfix.o(x$fpl$dfix)
    _dfix                                    0x080058ed   Thumb Code    94  dfix.o(x$fpl$dfix)
    __aeabi_ui2d                             0x0800594b   Thumb Code     0  dflt_clz.o(x$fpl$dfltu)
    _dfltu                                   0x0800594b   Thumb Code    38  dflt_clz.o(x$fpl$dfltu)
    __aeabi_cdcmple                          0x08005971   Thumb Code     0  dleqf.o(x$fpl$dleqf)
    _dcmple                                  0x08005971   Thumb Code   120  dleqf.o(x$fpl$dleqf)
    __fpl_dcmple_InfNaN                      0x080059d3   Thumb Code     0  dleqf.o(x$fpl$dleqf)
    __aeabi_dmul                             0x080059e9   Thumb Code     0  dmul.o(x$fpl$dmul)
    _dmul                                    0x080059e9   Thumb Code   332  dmul.o(x$fpl$dmul)
    __fpl_dnaninf                            0x08005b3d   Thumb Code   156  dnaninf.o(x$fpl$dnaninf)
    __fpl_dretinf                            0x08005bd9   Thumb Code    12  dretinf.o(x$fpl$dretinf)
    __aeabi_cdrcmple                         0x08005be5   Thumb Code     0  drleqf.o(x$fpl$drleqf)
    _drcmple                                 0x08005be5   Thumb Code   108  drleqf.o(x$fpl$drleqf)
    __aeabi_drsub                            0x08005c51   Thumb Code     0  daddsub_clz.o(x$fpl$drsb)
    _drsb                                    0x08005c51   Thumb Code    22  daddsub_clz.o(x$fpl$drsb)
    __aeabi_dsub                             0x08005c69   Thumb Code     0  daddsub_clz.o(x$fpl$dsub)
    _dsub                                    0x08005c69   Thumb Code   464  daddsub_clz.o(x$fpl$dsub)
    _printf_fp_dec                           0x08005e3d   Thumb Code     4  printf1.o(x$fpl$printf1)
    _printf_fp_hex                           0x08005e41   Thumb Code     4  printf2.o(x$fpl$printf2)
    __I$use$fp                               0x08005e44   Number         0  usenofp.o(x$fpl$usenofp)
    asc2_1206                                0x08005e44   Data        1140  oled.o(.constdata)
    asc2_1608                                0x080062b8   Data        1520  oled.o(.constdata)
    asc2_2412                                0x080068a8   Data        3420  oled.o(.constdata)
    Region$$Table$$Base                      0x08007704   Number         0  anon$$obj.o(Region$$Table)
    Region$$Table$$Limit                     0x08007724   Number         0  anon$$obj.o(Region$$Table)
    __ctype                                  0x0800774d   Data           0  lc_ctype_c.o(locale$$data)
    Set_flag                                 0x20000000   Data           2  main.o(.data)
    Add_flag                                 0x20000002   Data           2  main.o(.data)
    Del_flag                                 0x20000004   Data           2  main.o(.data)
    Ver_flag                                 0x20000006   Data           2  main.o(.data)
    Choose_flag                              0x20000008   Data           2  main.o(.data)
    Del_Choose_flag                          0x2000000a   Data           2  main.o(.data)
    Del_Move_flag                            0x2000000c   Data           2  main.o(.data)
    ID                                       0x2000000e   Data           2  main.o(.data)
    ID_flag                                  0x20000010   Data           2  main.o(.data)
    Del_num                                  0x20000012   Data           2  main.o(.data)
    ValidN                                   0x20000014   Data           2  main.o(.data)
    SystemCoreClock                          0x20000018   Data           4  system_stm32f10x.o(.data)
    AHBPrescTable                            0x2000001c   Data          16  system_stm32f10x.o(.data)
    AS608Addr                                0x2000002c   Data           4  as608.o(.data)
    font12x12                                0x20000030   Data         468  oled.o(.data)
    font12x16                                0x20000204   Data          52  oled.o(.data)
    font16x16                                0x20000238   Data          68  oled.o(.data)
    PICTURE                                  0x2000027c   Data         292  oled.o(.data)
    USART3_RX_STA                            0x200003a0   Data           2  usart3.o(.data)
    USART_RX_STA                             0x200003a6   Data           2  usart.o(.data)
    __stdout                                 0x200003a8   Data           4  usart.o(.data)
    infraRecStatus                           0x200003c0   Data          12  infraremote.o(.bss)
    USART3_RX_BUF                            0x200003cc   Data         400  usart3.o(.bss)
    USART3_TX_BUF                            0x2000055c   Data         400  usart3.o(.bss)
    USART_RX_BUF                             0x200006ec   Data         200  usart.o(.bss)
    __libspace_start                         0x200007b4   Data          96  libspace.o(.bss)
    __temporary_stack_top$libspace           0x20000814   Data           0  libspace.o(.bss)



==============================================================================

Memory Map of the image

  Image Entry point : 0x080000ed

  Load Region LR_IROM1 (Base: 0x08000000, Size: 0x00007c10, Max: 0x00010000, ABSOLUTE, COMPRESSED[0x00007a90])

    Execution Region ER_IROM1 (Exec base: 0x08000000, Load base: 0x08000000, Size: 0x00007850, Max: 0x00010000, ABSOLUTE)

    Exec Addr    Load Addr    Size         Type   Attr      Idx    E Section Name        Object

    0x08000000   0x08000000   0x000000ec   Data   RO          477    RESET               startup_stm32f10x_md.o
    0x080000ec   0x080000ec   0x00000008   Code   RO          648  * !!!main             c_w.l(__main.o)
    0x080000f4   0x080000f4   0x00000034   Code   RO          978    !!!scatter          c_w.l(__scatter.o)
    0x08000128   0x08000128   0x0000005a   Code   RO          976    !!dczerorl2         c_w.l(__dczerorl2.o)
    0x08000182   0x08000182   0x00000002   PAD
    0x08000184   0x08000184   0x0000001c   Code   RO          980    !!handler_zi        c_w.l(__scatter_zi.o)
    0x080001a0   0x080001a0   0x00000000   Code   RO          641    .ARM.Collect$$_printf_percent$$00000000  c_w.l(_printf_percent.o)
    0x080001a0   0x080001a0   0x00000006   Code   RO          719    .ARM.Collect$$_printf_percent$$00000001  c_w.l(_printf_n.o)
    0x080001a6   0x080001a6   0x00000006   Code   RO          720    .ARM.Collect$$_printf_percent$$00000002  c_w.l(_printf_p.o)
    0x080001ac   0x080001ac   0x00000006   Code   RO          724    .ARM.Collect$$_printf_percent$$00000003  c_w.l(_printf_f.o)
    0x080001b2   0x080001b2   0x00000006   Code   RO          725    .ARM.Collect$$_printf_percent$$00000004  c_w.l(_printf_e.o)
    0x080001b8   0x080001b8   0x00000006   Code   RO          726    .ARM.Collect$$_printf_percent$$00000005  c_w.l(_printf_g.o)
    0x080001be   0x080001be   0x00000006   Code   RO          727    .ARM.Collect$$_printf_percent$$00000006  c_w.l(_printf_a.o)
    0x080001c4   0x080001c4   0x0000000a   Code   RO          732    .ARM.Collect$$_printf_percent$$00000007  c_w.l(_printf_ll.o)
    0x080001ce   0x080001ce   0x00000006   Code   RO          722    .ARM.Collect$$_printf_percent$$00000008  c_w.l(_printf_i.o)
    0x080001d4   0x080001d4   0x00000006   Code   RO          640    .ARM.Collect$$_printf_percent$$00000009  c_w.l(_printf_d.o)
    0x080001da   0x080001da   0x00000006   Code   RO          723    .ARM.Collect$$_printf_percent$$0000000A  c_w.l(_printf_u.o)
    0x080001e0   0x080001e0   0x00000006   Code   RO          721    .ARM.Collect$$_printf_percent$$0000000B  c_w.l(_printf_o.o)
    0x080001e6   0x080001e6   0x00000006   Code   RO          639    .ARM.Collect$$_printf_percent$$0000000C  c_w.l(_printf_x.o)
    0x080001ec   0x080001ec   0x00000006   Code   RO          729    .ARM.Collect$$_printf_percent$$0000000D  c_w.l(_printf_lli.o)
    0x080001f2   0x080001f2   0x00000006   Code   RO          730    .ARM.Collect$$_printf_percent$$0000000E  c_w.l(_printf_lld.o)
    0x080001f8   0x080001f8   0x00000006   Code   RO          731    .ARM.Collect$$_printf_percent$$0000000F  c_w.l(_printf_llu.o)
    0x080001fe   0x080001fe   0x00000006   Code   RO          736    .ARM.Collect$$_printf_percent$$00000010  c_w.l(_printf_llo.o)
    0x08000204   0x08000204   0x00000006   Code   RO          737    .ARM.Collect$$_printf_percent$$00000011  c_w.l(_printf_llx.o)
    0x0800020a   0x0800020a   0x0000000a   Code   RO          733    .ARM.Collect$$_printf_percent$$00000012  c_w.l(_printf_l.o)
    0x08000214   0x08000214   0x00000006   Code   RO          718    .ARM.Collect$$_printf_percent$$00000013  c_w.l(_printf_c.o)
    0x0800021a   0x0800021a   0x00000006   Code   RO          638    .ARM.Collect$$_printf_percent$$00000014  c_w.l(_printf_s.o)
    0x08000220   0x08000220   0x00000006   Code   RO          734    .ARM.Collect$$_printf_percent$$00000015  c_w.l(_printf_lc.o)
    0x08000226   0x08000226   0x00000006   Code   RO          735    .ARM.Collect$$_printf_percent$$00000016  c_w.l(_printf_ls.o)
    0x0800022c   0x0800022c   0x00000004   Code   RO          728    .ARM.Collect$$_printf_percent$$00000017  c_w.l(_printf_percent_end.o)
    0x08000230   0x08000230   0x00000002   Code   RO          839    .ARM.Collect$$libinit$$00000000  c_w.l(libinit.o)
    0x08000232   0x08000232   0x00000000   Code   RO          857    .ARM.Collect$$libinit$$00000002  c_w.l(libinit2.o)
    0x08000232   0x08000232   0x00000000   Code   RO          859    .ARM.Collect$$libinit$$00000004  c_w.l(libinit2.o)
    0x08000232   0x08000232   0x00000000   Code   RO          862    .ARM.Collect$$libinit$$0000000A  c_w.l(libinit2.o)
    0x08000232   0x08000232   0x00000000   Code   RO          864    .ARM.Collect$$libinit$$0000000C  c_w.l(libinit2.o)
    0x08000232   0x08000232   0x00000000   Code   RO          866    .ARM.Collect$$libinit$$0000000E  c_w.l(libinit2.o)
    0x08000232   0x08000232   0x00000006   Code   RO          867    .ARM.Collect$$libinit$$0000000F  c_w.l(libinit2.o)
    0x08000238   0x08000238   0x00000000   Code   RO          869    .ARM.Collect$$libinit$$00000011  c_w.l(libinit2.o)
    0x08000238   0x08000238   0x0000000c   Code   RO          870    .ARM.Collect$$libinit$$00000012  c_w.l(libinit2.o)
    0x08000244   0x08000244   0x00000000   Code   RO          871    .ARM.Collect$$libinit$$00000013  c_w.l(libinit2.o)
    0x08000244   0x08000244   0x00000000   Code   RO          873    .ARM.Collect$$libinit$$00000015  c_w.l(libinit2.o)
    0x08000244   0x08000244   0x0000000a   Code   RO          874    .ARM.Collect$$libinit$$00000016  c_w.l(libinit2.o)
    0x0800024e   0x0800024e   0x00000000   Code   RO          875    .ARM.Collect$$libinit$$00000017  c_w.l(libinit2.o)
    0x0800024e   0x0800024e   0x00000000   Code   RO          877    .ARM.Collect$$libinit$$00000019  c_w.l(libinit2.o)
    0x0800024e   0x0800024e   0x00000000   Code   RO          879    .ARM.Collect$$libinit$$0000001B  c_w.l(libinit2.o)
    0x0800024e   0x0800024e   0x00000000   Code   RO          881    .ARM.Collect$$libinit$$0000001D  c_w.l(libinit2.o)
    0x0800024e   0x0800024e   0x00000000   Code   RO          883    .ARM.Collect$$libinit$$0000001F  c_w.l(libinit2.o)
    0x0800024e   0x0800024e   0x00000000   Code   RO          885    .ARM.Collect$$libinit$$00000021  c_w.l(libinit2.o)
    0x0800024e   0x0800024e   0x00000000   Code   RO          887    .ARM.Collect$$libinit$$00000023  c_w.l(libinit2.o)
    0x0800024e   0x0800024e   0x00000000   Code   RO          889    .ARM.Collect$$libinit$$00000025  c_w.l(libinit2.o)
    0x0800024e   0x0800024e   0x00000000   Code   RO          893    .ARM.Collect$$libinit$$0000002C  c_w.l(libinit2.o)
    0x0800024e   0x0800024e   0x00000000   Code   RO          895    .ARM.Collect$$libinit$$0000002E  c_w.l(libinit2.o)
    0x0800024e   0x0800024e   0x00000000   Code   RO          897    .ARM.Collect$$libinit$$00000030  c_w.l(libinit2.o)
    0x0800024e   0x0800024e   0x00000000   Code   RO          899    .ARM.Collect$$libinit$$00000032  c_w.l(libinit2.o)
    0x0800024e   0x0800024e   0x00000002   Code   RO          900    .ARM.Collect$$libinit$$00000033  c_w.l(libinit2.o)
    0x08000250   0x08000250   0x00000002   Code   RO          918    .ARM.Collect$$libshutdown$$00000000  c_w.l(libshutdown.o)
    0x08000252   0x08000252   0x00000000   Code   RO          928    .ARM.Collect$$libshutdown$$00000002  c_w.l(libshutdown2.o)
    0x08000252   0x08000252   0x00000000   Code   RO          930    .ARM.Collect$$libshutdown$$00000004  c_w.l(libshutdown2.o)
    0x08000252   0x08000252   0x00000000   Code   RO          933    .ARM.Collect$$libshutdown$$00000007  c_w.l(libshutdown2.o)
    0x08000252   0x08000252   0x00000000   Code   RO          936    .ARM.Collect$$libshutdown$$0000000A  c_w.l(libshutdown2.o)
    0x08000252   0x08000252   0x00000000   Code   RO          938    .ARM.Collect$$libshutdown$$0000000C  c_w.l(libshutdown2.o)
    0x08000252   0x08000252   0x00000000   Code   RO          941    .ARM.Collect$$libshutdown$$0000000F  c_w.l(libshutdown2.o)
    0x08000252   0x08000252   0x00000002   Code   RO          942    .ARM.Collect$$libshutdown$$00000010  c_w.l(libshutdown2.o)
    0x08000254   0x08000254   0x00000000   Code   RO          690    .ARM.Collect$$rtentry$$00000000  c_w.l(__rtentry.o)
    0x08000254   0x08000254   0x00000000   Code   RO          760    .ARM.Collect$$rtentry$$00000002  c_w.l(__rtentry2.o)
    0x08000254   0x08000254   0x00000006   Code   RO          772    .ARM.Collect$$rtentry$$00000004  c_w.l(__rtentry4.o)
    0x0800025a   0x0800025a   0x00000000   Code   RO          762    .ARM.Collect$$rtentry$$00000009  c_w.l(__rtentry2.o)
    0x0800025a   0x0800025a   0x00000004   Code   RO          763    .ARM.Collect$$rtentry$$0000000A  c_w.l(__rtentry2.o)
    0x0800025e   0x0800025e   0x00000000   Code   RO          765    .ARM.Collect$$rtentry$$0000000C  c_w.l(__rtentry2.o)
    0x0800025e   0x0800025e   0x00000008   Code   RO          766    .ARM.Collect$$rtentry$$0000000D  c_w.l(__rtentry2.o)
    0x08000266   0x08000266   0x00000002   Code   RO          849    .ARM.Collect$$rtexit$$00000000  c_w.l(rtexit.o)
    0x08000268   0x08000268   0x00000000   Code   RO          902    .ARM.Collect$$rtexit$$00000002  c_w.l(rtexit2.o)
    0x08000268   0x08000268   0x00000004   Code   RO          903    .ARM.Collect$$rtexit$$00000003  c_w.l(rtexit2.o)
    0x0800026c   0x0800026c   0x00000006   Code   RO          904    .ARM.Collect$$rtexit$$00000004  c_w.l(rtexit2.o)
    0x08000272   0x08000272   0x00000002   PAD
    0x08000274   0x08000274   0x000009d4   Code   RO            1    .text               main.o
    0x08000c48   0x08000c48   0x00000012   Code   RO          154    .text               stm32f10x_it.o
    0x08000c5a   0x08000c5a   0x00000002   PAD
    0x08000c5c   0x08000c5c   0x00000154   Code   RO          169    .text               system_stm32f10x.o
    0x08000db0   0x08000db0   0x00000058   Code   RO          187    .text               sys_int.o
    0x08000e08   0x08000e08   0x00000970   Code   RO          203    .text               as608.o
    0x08001778   0x08001778   0x000001f4   Code   RO          281    .text               infraremote.o
    0x0800196c   0x0800196c   0x000000a0   Code   RO          317    .text               led.o
    0x08001a0c   0x08001a0c   0x00000854   Code   RO          330    .text               oled.o
    0x08002260   0x08002260   0x00000094   Code   RO          350    .text               timer.o
    0x080022f4   0x080022f4   0x00000170   Code   RO          366    .text               usart3.o
    0x08002464   0x08002464   0x00000098   Code   RO          410    .text               delay.o
    0x080024fc   0x080024fc   0x00000114   Code   RO          441    .text               usart.o
    0x08002610   0x08002610   0x00000040   Code   RO          478    .text               startup_stm32f10x_md.o
    0x08002650   0x08002650   0x000000b0   Code   RO          482    .text               misc.o
    0x08002700   0x08002700   0x0000026c   Code   RO          506    .text               stm32f10x_gpio.o
    0x0800296c   0x0800296c   0x000002b4   Code   RO          518    .text               stm32f10x_rcc.o
    0x08002c20   0x08002c20   0x00000328   Code   RO          544    .text               stm32f10x_usart.o
    0x08002f48   0x08002f48   0x00000af4   Code   RO          556    .text               stm32f10x_tim.o
    0x08003a3c   0x08003a3c   0x000000e8   Code   RO          569    .text               stm32f10x_exti.o
    0x08003b24   0x08003b24   0x00000002   Code   RO          583    .text               c_w.l(use_no_semi_2.o)
    0x08003b26   0x08003b26   0x00000002   PAD
    0x08003b28   0x08003b28   0x00000024   Code   RO          585    .text               c_w.l(vsprintf.o)
    0x08003b4c   0x08003b4c   0x00000018   Code   RO          587    .text               c_w.l(__2printf.o)
    0x08003b64   0x08003b64   0x00000052   Code   RO          593    .text               c_w.l(_printf_str.o)
    0x08003bb6   0x08003bb6   0x00000002   PAD
    0x08003bb8   0x08003bb8   0x00000078   Code   RO          595    .text               c_w.l(_printf_dec.o)
    0x08003c30   0x08003c30   0x00000094   Code   RO          615    .text               c_w.l(_printf_hex_int_ll_ptr.o)
    0x08003cc4   0x08003cc4   0x00000188   Code   RO          635    .text               c_w.l(__printf_flags_ss_wp.o)
    0x08003e4c   0x08003e4c   0x00000024   Code   RO          642    .text               c_w.l(strstr.o)
    0x08003e70   0x08003e70   0x0000003e   Code   RO          644    .text               c_w.l(strlen.o)
    0x08003eae   0x08003eae   0x00000006   Code   RO          646    .text               c_w.l(heapauxi.o)
    0x08003eb4   0x08003eb4   0x00000002   Code   RO          688    .text               c_w.l(use_no_semi.o)
    0x08003eb6   0x08003eb6   0x0000004e   Code   RO          691    .text               c_w.l(_printf_pad.o)
    0x08003f04   0x08003f04   0x00000024   Code   RO          693    .text               c_w.l(_printf_truncate.o)
    0x08003f28   0x08003f28   0x000000b2   Code   RO          695    .text               c_w.l(_printf_intcommon.o)
    0x08003fda   0x08003fda   0x00000028   Code   RO          697    .text               c_w.l(_printf_charcount.o)
    0x08004002   0x08004002   0x00000002   PAD
    0x08004004   0x08004004   0x00000030   Code   RO          699    .text               c_w.l(_printf_char_common.o)
    0x08004034   0x08004034   0x0000000a   Code   RO          701    .text               c_w.l(_sputc.o)
    0x0800403e   0x0800403e   0x0000002c   Code   RO          703    .text               c_w.l(_printf_char.o)
    0x0800406a   0x0800406a   0x00000002   PAD
    0x0800406c   0x0800406c   0x00000024   Code   RO          705    .text               c_w.l(_printf_char_file.o)
    0x08004090   0x08004090   0x000000bc   Code   RO          707    .text               c_w.l(_printf_wctomb.o)
    0x0800414c   0x0800414c   0x0000007c   Code   RO          710    .text               c_w.l(_printf_longlong_dec.o)
    0x080041c8   0x080041c8   0x00000070   Code   RO          716    .text               c_w.l(_printf_oct_int_ll.o)
    0x08004238   0x08004238   0x0000008a   Code   RO          774    .text               c_w.l(lludiv10.o)
    0x080042c2   0x080042c2   0x0000041e   Code   RO          776    .text               c_w.l(_printf_fp_dec.o)
    0x080046e0   0x080046e0   0x000002fc   Code   RO          778    .text               c_w.l(_printf_fp_hex.o)
    0x080049dc   0x080049dc   0x0000002c   Code   RO          783    .text               c_w.l(_printf_wchar.o)
    0x08004a08   0x08004a08   0x00000008   Code   RO          785    .text               c_w.l(ferror.o)
    0x08004a10   0x08004a10   0x00000040   Code   RO          789    .text               c_w.l(_wcrtomb.o)
    0x08004a50   0x08004a50   0x0000004a   Code   RO          793    .text               c_w.l(sys_stackheap_outer.o)
    0x08004a9a   0x08004a9a   0x00000002   PAD
    0x08004a9c   0x08004a9c   0x00000010   Code   RO          795    .text               c_w.l(rt_ctype_table.o)
    0x08004aac   0x08004aac   0x00000008   Code   RO          800    .text               c_w.l(rt_locale_intlibspace.o)
    0x08004ab4   0x08004ab4   0x00000080   Code   RO          802    .text               c_w.l(_printf_fp_infnan.o)
    0x08004b34   0x08004b34   0x000000e4   Code   RO          804    .text               c_w.l(bigflt0.o)
    0x08004c18   0x08004c18   0x00000012   Code   RO          832    .text               c_w.l(exit.o)
    0x08004c2a   0x08004c2a   0x00000002   PAD
    0x08004c2c   0x08004c2c   0x00000008   Code   RO          846    .text               c_w.l(libspace.o)
    0x08004c34   0x08004c34   0x00000080   Code   RO          854    .text               c_w.l(strcmpv7m.o)
    0x08004cb4   0x08004cb4   0x0000003e   Code   RO          807    CL$$btod_d2e        c_w.l(btod.o)
    0x08004cf2   0x08004cf2   0x00000046   Code   RO          809    CL$$btod_d2e_denorm_low  c_w.l(btod.o)
    0x08004d38   0x08004d38   0x00000060   Code   RO          808    CL$$btod_d2e_norm_op1  c_w.l(btod.o)
    0x08004d98   0x08004d98   0x00000338   Code   RO          817    CL$$btod_div_common  c_w.l(btod.o)
    0x080050d0   0x080050d0   0x000000dc   Code   RO          814    CL$$btod_e2e        c_w.l(btod.o)
    0x080051ac   0x080051ac   0x0000002a   Code   RO          811    CL$$btod_ediv       c_w.l(btod.o)
    0x080051d6   0x080051d6   0x0000002a   Code   RO          810    CL$$btod_emul       c_w.l(btod.o)
    0x08005200   0x08005200   0x00000244   Code   RO          816    CL$$btod_mult_common  c_w.l(btod.o)
    0x08005444   0x08005444   0x00000028   Code   RO          844    i.__ARM_fpclassify  m_ws.l(fpclassify.o)
    0x0800546c   0x0800546c   0x0000000e   Code   RO          628    i._is_digit         c_w.l(__printf_wp.o)
    0x0800547a   0x0800547a   0x00000002   PAD
    0x0800547c   0x0800547c   0x0000002c   Code   RO          830    locale$$code        c_w.l(lc_numeric_c.o)
    0x080054a8   0x080054a8   0x0000002c   Code   RO          852    locale$$code        c_w.l(lc_ctype_c.o)
    0x080054d4   0x080054d4   0x00000150   Code   RO          652    x$fpl$dadd          fz_ws.l(daddsub_clz.o)
    0x08005624   0x08005624   0x00000018   Code   RO          740    x$fpl$dcmpinf       fz_ws.l(dcmpi.o)
    0x0800563c   0x0800563c   0x000002b0   Code   RO          659    x$fpl$ddiv          fz_ws.l(ddiv.o)
    0x080058ec   0x080058ec   0x0000005e   Code   RO          662    x$fpl$dfix          fz_ws.l(dfix.o)
    0x0800594a   0x0800594a   0x00000026   Code   RO          666    x$fpl$dfltu         fz_ws.l(dflt_clz.o)
    0x08005970   0x08005970   0x00000078   Code   RO          672    x$fpl$dleqf         fz_ws.l(dleqf.o)
    0x080059e8   0x080059e8   0x00000154   Code   RO          674    x$fpl$dmul          fz_ws.l(dmul.o)
    0x08005b3c   0x08005b3c   0x0000009c   Code   RO          742    x$fpl$dnaninf       fz_ws.l(dnaninf.o)
    0x08005bd8   0x08005bd8   0x0000000c   Code   RO          744    x$fpl$dretinf       fz_ws.l(dretinf.o)
    0x08005be4   0x08005be4   0x0000006c   Code   RO          676    x$fpl$drleqf        fz_ws.l(drleqf.o)
    0x08005c50   0x08005c50   0x00000016   Code   RO          653    x$fpl$drsb          fz_ws.l(daddsub_clz.o)
    0x08005c66   0x08005c66   0x00000002   PAD
    0x08005c68   0x08005c68   0x000001d4   Code   RO          654    x$fpl$dsub          fz_ws.l(daddsub_clz.o)
    0x08005e3c   0x08005e3c   0x00000004   Code   RO          750    x$fpl$printf1       fz_ws.l(printf1.o)
    0x08005e40   0x08005e40   0x00000004   Code   RO          752    x$fpl$printf2       fz_ws.l(printf2.o)
    0x08005e44   0x08005e44   0x00000000   Code   RO          758    x$fpl$usenofp       fz_ws.l(usenofp.o)
    0x08005e44   0x08005e44   0x000017c0   Data   RO          331    .constdata          oled.o
    0x08007604   0x08007604   0x00000028   Data   RO          616    .constdata          c_w.l(_printf_hex_int_ll_ptr.o)
    0x0800762c   0x0800762c   0x00000011   Data   RO          636    .constdata          c_w.l(__printf_flags_ss_wp.o)
    0x0800763d   0x0800763d   0x00000003   PAD
    0x08007640   0x08007640   0x00000008   Data   RO          708    .constdata          c_w.l(_printf_wctomb.o)
    0x08007648   0x08007648   0x00000026   Data   RO          779    .constdata          c_w.l(_printf_fp_hex.o)
    0x0800766e   0x0800766e   0x00000002   PAD
    0x08007670   0x08007670   0x00000094   Data   RO          805    .constdata          c_w.l(bigflt0.o)
    0x08007704   0x08007704   0x00000020   Data   RO          974    Region$$Table       anon$$obj.o
    0x08007724   0x08007724   0x0000001c   Data   RO          829    locale$$data        c_w.l(lc_numeric_c.o)
    0x08007740   0x08007740   0x00000110   Data   RO          851    locale$$data        c_w.l(lc_ctype_c.o)


    Execution Region RW_IRAM1 (Exec base: 0x20000000, Load base: 0x08007850, Size: 0x00000e18, Max: 0x00005000, ABSOLUTE, COMPRESSED[0x00000240])

    Exec Addr    Load Addr    Size         Type   Attr      Idx    E Section Name        Object

    0x20000000   COMPRESSED   0x00000016   Data   RW            4    .data               main.o
    0x20000016   COMPRESSED   0x00000002   PAD
    0x20000018   COMPRESSED   0x00000014   Data   RW          170    .data               system_stm32f10x.o
    0x2000002c   COMPRESSED   0x00000004   Data   RW          204    .data               as608.o
    0x20000030   COMPRESSED   0x00000370   Data   RW          332    .data               oled.o
    0x200003a0   COMPRESSED   0x00000002   Data   RW          368    .data               usart3.o
    0x200003a2   COMPRESSED   0x00000004   Data   RW          411    .data               delay.o
    0x200003a6   COMPRESSED   0x00000002   Data   RW          443    .data               usart.o
    0x200003a8   COMPRESSED   0x00000004   Data   RW          444    .data               usart.o
    0x200003ac   COMPRESSED   0x00000014   Data   RW          519    .data               stm32f10x_rcc.o
    0x200003c0        -       0x0000000c   Zero   RW          282    .bss                infraremote.o
    0x200003cc        -       0x00000320   Zero   RW          367    .bss                usart3.o
    0x200006ec        -       0x000000c8   Zero   RW          442    .bss                usart.o
    0x200007b4        -       0x00000060   Zero   RW          847    .bss                c_w.l(libspace.o)
    0x20000814   COMPRESSED   0x00000004   PAD
    0x20000818        -       0x00000200   Zero   RW          476    HEAP                startup_stm32f10x_md.o
    0x20000a18        -       0x00000400   Zero   RW          475    STACK               startup_stm32f10x_md.o


==============================================================================

Image component sizes


      Code (inc. data)   RO Data    RW Data    ZI Data      Debug   Object Name

      2416        632          0          4          0     215854   as608.o
       152         14          0          4          0       1071   delay.o
       500         16          0          0         12       2605   infraremote.o
       160         10          0          0          0       1328   led.o
      2516        570          0         22          0     254256   main.o
       176         14          0          0          0       1829   misc.o
      2132         36       6080        880          0      10193   oled.o
        64         26        236          0       1536        780   startup_stm32f10x_md.o
       232          8          0          0          0       2335   stm32f10x_exti.o
       620         36          0          0          0       5801   stm32f10x_gpio.o
        18          0          0          0          0       1150   stm32f10x_it.o
       692         32          0         20          0       8944   stm32f10x_rcc.o
      2804         86          0          0          0      22918   stm32f10x_tim.o
       808         22          0          0          0       8716   stm32f10x_usart.o
         0          0          0          0          0         32   sys.o
        88          4          0          0          0        474   sys_int.o
       340         32          0         20          0       1727   system_stm32f10x.o
       148         10          0          0          0        816   timer.o
       276         16          0          6        200       3146   usart.o
       368         26          0          2        800       2538   usart3.o

    ----------------------------------------------------------------------
     14512       1590       6348        960       2548     546513   Object Totals
         0          0         32          0          0          0   (incl. Generated)
         2          0          0          2          0          0   (incl. Padding)

    ----------------------------------------------------------------------

      Code (inc. data)   RO Data    RW Data    ZI Data      Debug   Library Member Name

        24          4          0          0          0         84   __2printf.o
        90          0          0          0          0          0   __dczerorl2.o
         8          0          0          0          0         68   __main.o
       392          4         17          0          0         92   __printf_flags_ss_wp.o
        14          0          0          0          0         68   __printf_wp.o
         0          0          0          0          0          0   __rtentry.o
        12          0          0          0          0          0   __rtentry2.o
         6          0          0          0          0          0   __rtentry4.o
        52          8          0          0          0          0   __scatter.o
        28          0          0          0          0          0   __scatter_zi.o
         6          0          0          0          0          0   _printf_a.o
         6          0          0          0          0          0   _printf_c.o
        44          0          0          0          0        108   _printf_char.o
        48          6          0          0          0         96   _printf_char_common.o
        36          4          0          0          0         80   _printf_char_file.o
        40          0          0          0          0         68   _printf_charcount.o
         6          0          0          0          0          0   _printf_d.o
       120         16          0          0          0         92   _printf_dec.o
         6          0          0          0          0          0   _printf_e.o
         6          0          0          0          0          0   _printf_f.o
      1054          0          0          0          0        216   _printf_fp_dec.o
       764          8         38          0          0        100   _printf_fp_hex.o
       128         16          0          0          0         84   _printf_fp_infnan.o
         6          0          0          0          0          0   _printf_g.o
       148          4         40          0          0        160   _printf_hex_int_ll_ptr.o
         6          0          0          0          0          0   _printf_i.o
       178          0          0          0          0         88   _printf_intcommon.o
        10          0          0          0          0          0   _printf_l.o
         6          0          0          0          0          0   _printf_lc.o
        10          0          0          0          0          0   _printf_ll.o
         6          0          0          0          0          0   _printf_lld.o
         6          0          0          0          0          0   _printf_lli.o
         6          0          0          0          0          0   _printf_llo.o
         6          0          0          0          0          0   _printf_llu.o
         6          0          0          0          0          0   _printf_llx.o
       124         16          0          0          0         92   _printf_longlong_dec.o
         6          0          0          0          0          0   _printf_ls.o
         6          0          0          0          0          0   _printf_n.o
         6          0          0          0          0          0   _printf_o.o
       112         10          0          0          0        124   _printf_oct_int_ll.o
         6          0          0          0          0          0   _printf_p.o
        78          0          0          0          0        108   _printf_pad.o
         0          0          0          0          0          0   _printf_percent.o
         4          0          0          0          0          0   _printf_percent_end.o
         6          0          0          0          0          0   _printf_s.o
        82          0          0          0          0         80   _printf_str.o
        36          0          0          0          0         84   _printf_truncate.o
         6          0          0          0          0          0   _printf_u.o
        44          0          0          0          0        108   _printf_wchar.o
       188          6          8          0          0         92   _printf_wctomb.o
         6          0          0          0          0          0   _printf_x.o
        10          0          0          0          0         68   _sputc.o
        64          0          0          0          0         92   _wcrtomb.o
       228          4        148          0          0         96   bigflt0.o
      1936        128          0          0          0        672   btod.o
        18          0          0          0          0         80   exit.o
         8          0          0          0          0         68   ferror.o
         6          0          0          0          0        152   heapauxi.o
        44         10        272          0          0         76   lc_ctype_c.o
        44         10         28          0          0         76   lc_numeric_c.o
         2          0          0          0          0          0   libinit.o
        30          0          0          0          0          0   libinit2.o
         2          0          0          0          0          0   libshutdown.o
         2          0          0          0          0          0   libshutdown2.o
         8          4          0          0         96         68   libspace.o
       138          0          0          0          0         80   lludiv10.o
        16          4          0          0          0         76   rt_ctype_table.o
         8          4          0          0          0         68   rt_locale_intlibspace.o
         2          0          0          0          0          0   rtexit.o
        10          0          0          0          0          0   rtexit2.o
       128          0          0          0          0         68   strcmpv7m.o
        62          0          0          0          0         76   strlen.o
        36          0          0          0          0         80   strstr.o
        74          0          0          0          0         80   sys_stackheap_outer.o
         2          0          0          0          0         68   use_no_semi.o
         2          0          0          0          0         68   use_no_semi_2.o
        36          4          0          0          0         76   vsprintf.o
       826         16          0          0          0        348   daddsub_clz.o
        24          0          0          0          0         68   dcmpi.o
       688        140          0          0          0        208   ddiv.o
        94          4          0          0          0         92   dfix.o
        38          0          0          0          0         68   dflt_clz.o
       120          4          0          0          0         92   dleqf.o
       340         12          0          0          0        104   dmul.o
       156          4          0          0          0         92   dnaninf.o
        12          0          0          0          0         68   dretinf.o
       108          0          0          0          0         80   drleqf.o
         4          0          0          0          0         68   printf1.o
         4          0          0          0          0         68   printf2.o
         0          0          0          0          0          0   usenofp.o
        40          0          0          0          0         68   fpclassify.o

    ----------------------------------------------------------------------
      9384        450        556          0        100       5704   Library Totals
        20          0          5          0          4          0   (incl. Padding)

    ----------------------------------------------------------------------

      Code (inc. data)   RO Data    RW Data    ZI Data      Debug   Library Name

      6910        270        551          0         96       4280   c_w.l
      2414        180          0          0          0       1356   fz_ws.l
        40          0          0          0          0         68   m_ws.l

    ----------------------------------------------------------------------
      9384        450        556          0        100       5704   Library Totals

    ----------------------------------------------------------------------

==============================================================================


      Code (inc. data)   RO Data    RW Data    ZI Data      Debug   

     23896       2040       6904        960       2648     546961   Grand Totals
     23896       2040       6904        576       2648     546961   ELF Image Totals (compressed)
     23896       2040       6904        576          0          0   ROM Totals

==============================================================================

    Total RO  Size (Code + RO Data)                30800 (  30.08kB)
    Total RW  Size (RW Data + ZI Data)              3608 (   3.52kB)
    Total ROM Size (Code + RO Data + RW Data)      31376 (  30.64kB)

==============================================================================

