<html>
<body>
<pre>
<h1>µVision Build Log</h1>
<h2>Tool Versions:</h2>
IDE-Version: ¦ÌVision V5.24.2.0
Copyright (C) 2017 ARM Ltd and ARM Germany GmbH. All rights reserved.
License Information: a °Ú¾ü, HP Inc., LIC=47GU5-G89RM-ARZXW-QN3NS-65JIC-PDTJ1
 
Tool Versions:
Toolchain:       MDK-ARM Plus  Version: 5.24.1
Toolchain Path:  D:\keil 5\ARM\ARMCC\Bin
C Compiler:      Armcc.exe V5.06 update 5 (build 528)
Assembler:       Armasm.exe V5.06 update 5 (build 528)
Linker/Locator:  ArmLink.exe V5.06 update 5 (build 528)
Library Manager: ArmAr.exe V5.06 update 5 (build 528)
Hex Converter:   FromElf.exe V5.06 update 5 (build 528)
CPU DLL:         SARMCM3.DLL V5.24.1
Dialog DLL:      DCM.DLL V1.16.0.0
Target DLL:      STLink\ST-LINKIII-KEIL_SWO.dll V3.0.1.0
Dialog DLL:      TCM.DLL V1.32.0.0
 
<h2>Project:</h2>
C:\Users\°Ú¾ü\Desktop\MiniÐ¡³µ_D°æSTM32Ô´Âë_2023.03.09(»ô¶û±àÂëÆ÷)\MiniÐ¡³µ_D°æSTM32Ô´Âë2023.03.09(»ô¶û±àÂëÆ÷)\USER\WHEELTEC.uvprojx
Project File Date:  04/19/2023

<h2>Output:</h2>
*** Using Compiler 'V5.06 update 5 (build 528)', folder: 'D:\keil 5\ARM\ARMCC\Bin'
Rebuild target 'FreeRTOS'
compiling stm32f4xx_it.c...
compiling system_stm32f4xx.c...
compiling oled.c...
compiling main.c...
compiling LED.C...
compiling key.c...
compiling pstwo.c...
compiling encoder.c...
compiling can.c...
compiling motor.c...
compiling adc.c...
compiling timer.c...
assembling startup_stm32f40_41xxx.s...
compiling usart.c...
compiling misc.c...
compiling delay.c...
compiling sys.c...
compiling stm32f4xx_gpio.c...
compiling stm32f4xx_syscfg.c...
compiling stm32f4xx_adc.c...
compiling usartx.c...
compiling stm32f4xx_rcc.c...
compiling stm32f4xx_usart.c...
compiling stm32f4xx_tim.c...
compiling stm32f4xx_can.c...
compiling stm32f4xx_pwr.c...
compiling croutine.c...
compiling event_groups.c...
compiling list.c...
compiling port.c...
compiling timers.c...
compiling queue.c...
compiling system.c...
compiling tasks.c...
compiling heap_4.c...
compiling robot_select_init.c...
compiling balance.c...
compiling show.c...
compiling MPU6050.c...
compiling I2C.c...
linking...
Program Size: Code=42362 RO-data=6302 RW-data=552 ZI-data=24272  
FromELF: creating hex file...
"..\OBJ\WHEELTEC.axf" - 0 Error(s), 0 Warning(s).

<h2>Software Packages used:</h2>

Package Vendor: Keil
                http://www.keil.com/pack/Keil.STM32F4xx_DFP.1.0.8.pack
                Keil.STM32F4xx_DFP.1.0.8
                STMicroelectronics STM32F4 Series Device Support, Drivers and Examples

<h2>Collection of Component include folders:</h2>
  .\RTE\_FreeRTOS
  D:\keil 5\ARM\PACK\Keil\STM32F4xx_DFP\1.0.8\Device\Include

<h2>Collection of Component Files used:</h2>
Build Time Elapsed:  00:00:06
</pre>
</body>
</html>
